OpenJDK 64-Bit Server VM (25.265-b01) for linux-amd64 JRE (1.8.0_265-8u265-b01-0ubuntu2~20.04-b01), built on Aug  3 2020 01:16:56 by "buildd" with gcc 9.3.0
Memory: 4k page, physical 8124868k(6423540k free), swap 945416k(945416k free)
CommandLine flags: -XX:+ExitOnOutOfMemoryError -XX:InitialHeapSize=129997888 -XX:MaxHeapSize=2147483648 -XX:+PrintGC -XX:+PrintGCDateStamps -XX:+PrintGCDetails -XX:+PrintGCTimeStamps -XX:+UseCompressedClassPointers -XX:+UseCompressedOops -XX:+UseParallelOldGC 
2020-08-11T08:24:51.895+0000: 0.245: [GC (Allocation Failure) [PSYoungGen: 31744K->5104K(36864K)] 31744K->26416K(121856K), 0.1768305 secs] [Times: user=1.39 sys=0.01, real=0.18 secs] 
2020-08-11T08:24:52.212+0000: 0.562: [GC (Allocation Failure) [PSYoungGen: 36848K->5104K(68608K)] 58160K->56016K(153600K), 0.2365410 secs] [Times: user=1.87 sys=0.02, real=0.24 secs] 
2020-08-11T08:24:52.751+0000: 1.101: [GC (Allocation Failure) [PSYoungGen: 68592K->5104K(68608K)] 119504K->119544K(183296K), 0.4601781 secs] [Times: user=3.65 sys=0.03, real=0.46 secs] 
2020-08-11T08:24:53.212+0000: 1.562: [Full GC (Ergonomics) [PSYoungGen: 5104K->0K(68608K)] [ParOldGen: 114440K->110693K(223744K)] 119544K->110693K(292352K), [Metaspace: 2783K->2783K(1056768K)], 1.0301607 secs] [Times: user=8.04 sys=0.15, real=1.03 secs] 
2020-08-11T08:24:54.525+0000: 2.875: [GC (Allocation Failure) [PSYoungGen: 63488K->5120K(103424K)] 174181K->174389K(327168K), 0.4452041 secs] [Times: user=3.53 sys=0.02, real=0.45 secs] 
2020-08-11T08:24:54.971+0000: 3.321: [Full GC (Ergonomics) [PSYoungGen: 5120K->0K(103424K)] [ParOldGen: 169269K->167153K(314368K)] 174389K->167153K(417792K), [Metaspace: 2783K->2783K(1056768K)], 1.4229211 secs] [Times: user=11.10 sys=0.25, real=1.42 secs] 
2020-08-11T08:24:57.064+0000: 5.414: [GC (Allocation Failure) [PSYoungGen: 98304K->5120K(132096K)] 265457K->265761K(446464K), 0.6859039 secs] [Times: user=5.42 sys=0.04, real=0.69 secs] 
2020-08-11T08:24:57.751+0000: 6.101: [Full GC (Ergonomics) [PSYoungGen: 5120K->0K(132096K)] [ParOldGen: 260641K->182906K(381440K)] 265761K->182906K(513536K), [Metaspace: 2783K->2783K(1056768K)], 1.5963507 secs] [Times: user=12.57 sys=0.17, real=1.59 secs] 
2020-08-11T08:24:59.975+0000: 8.325: [GC (Allocation Failure) [PSYoungGen: 126976K->109568K(220672K)] 309882K->310034K(602112K), 0.7360033 secs] [Times: user=5.81 sys=0.07, real=0.74 secs] 
2020-08-11T08:25:01.219+0000: 9.569: [GC (Allocation Failure) [PSYoungGen: 220672K->140288K(251392K)] 421138K->421442K(632832K), 0.9947683 secs] [Times: user=7.90 sys=0.04, real=0.99 secs] 
2020-08-11T08:25:02.214+0000: 10.564: [Full GC (Ergonomics) [PSYoungGen: 140288K->0K(251392K)] [ParOldGen: 281154K->375337K(614400K)] 421442K->375337K(865792K), [Metaspace: 2783K->2783K(1056768K)], 3.3028974 secs] [Times: user=26.06 sys=0.32, real=3.31 secs] 
2020-08-11T08:25:06.044+0000: 14.394: [GC (Allocation Failure) [PSYoungGen: 111104K->111264K(349184K)] 486441K->486601K(963584K), 0.6489465 secs] [Times: user=5.13 sys=0.05, real=0.65 secs] 
2020-08-11T08:25:07.916+0000: 16.266: [GC (Allocation Failure) [PSYoungGen: 268448K->201728K(358912K)] 643785K->643993K(973312K), 1.6792635 secs] [Times: user=13.41 sys=0.02, real=1.68 secs] 
2020-08-11T08:25:10.490+0000: 18.840: [GC (Allocation Failure) [PSYoungGen: 358912K->232960K(432128K)] 801177K->801609K(1046528K), 1.5620041 secs] [Times: user=12.33 sys=0.15, real=1.56 secs] 
2020-08-11T08:25:12.053+0000: 20.402: [Full GC (Ergonomics) [PSYoungGen: 232960K->0K(432128K)] [ParOldGen: 568649K->574440K(858112K)] 801609K->574440K(1290240K), [Metaspace: 2783K->2783K(1056768K)], 5.1618467 secs] [Times: user=40.08 sys=1.16, real=5.16 secs] 
2020-08-11T08:25:18.127+0000: 26.477: [GC (Allocation Failure) [PSYoungGen: 199168K->199424K(432128K)] 773608K->773864K(1290240K), 1.1652266 secs] [Times: user=9.30 sys=0.01, real=1.17 secs] 
2020-08-11T08:25:20.415+0000: 28.765: [GC (Allocation Failure) [PSYoungGen: 398592K->232960K(465920K)] 973032K->973472K(1324032K), 2.5852883 secs] [Times: user=20.53 sys=0.14, real=2.59 secs] 
2020-08-11T08:25:23.000+0000: 31.350: [Full GC (Ergonomics) [PSYoungGen: 232960K->44512K(465920K)] [ParOldGen: 740512K->857910K(1203200K)] 973472K->902422K(1669120K), [Metaspace: 2783K->2783K(1056768K)], 7.7556004 secs] [Times: user=61.28 sys=0.68, real=7.75 secs] 
2020-08-11T08:25:31.801+0000: 40.151: [GC (Allocation Failure) [PSYoungGen: 277472K->232960K(465920K)] 1135382K->1135766K(1669120K), 1.2166152 secs] [Times: user=9.64 sys=0.08, real=1.22 secs] 
2020-08-11T08:25:34.614+0000: 42.964: [GC (Allocation Failure) [PSYoungGen: 465920K->232960K(465920K)] 1368726K->1369510K(1669120K), 2.0076476 secs] [Times: user=15.71 sys=0.34, real=2.01 secs] 
2020-08-11T08:25:36.622+0000: 44.972: [Full GC (Ergonomics) [PSYoungGen: 232960K->0K(465920K)] [ParOldGen: 1136550K->1183497K(1398272K)] 1369510K->1183497K(1864192K), [Metaspace: 2783K->2783K(1056768K)], 10.1156384 secs] [Times: user=79.68 sys=1.13, real=10.12 secs] 
2020-08-11T08:25:47.771+0000: 56.121: [GC (Allocation Failure) [PSYoungGen: 232960K->232960K(465920K)] 1416457K->1416649K(1864192K), 1.3634428 secs] [Times: user=10.90 sys=0.00, real=1.36 secs] 
2020-08-11T08:25:50.614+0000: 58.964: [GC (Allocation Failure) --[PSYoungGen: 465920K->465920K(465920K)] 1649609K->1864185K(1864192K), 1.7512948 secs] [Times: user=11.27 sys=0.45, real=1.75 secs] 
2020-08-11T08:25:52.366+0000: 60.716: [Full GC (Ergonomics) [PSYoungGen: 465920K->0K(465920K)] [ParOldGen: 1398265K->1398071K(1398272K)] 1864185K->1398071K(1864192K), [Metaspace: 2783K->2783K(1056768K)], 12.3041271 secs] [Times: user=97.63 sys=0.53, real=12.31 secs] 
2020-08-11T08:26:06.338+0000: 74.688: [Full GC (Ergonomics) [PSYoungGen: 232960K->0K(465920K)] [ParOldGen: 1398071K->1398094K(1398272K)] 1631031K->1398094K(1864192K), [Metaspace: 2783K->2783K(1056768K)], 11.9262374 secs] [Times: user=95.28 sys=0.00, real=11.92 secs] 
2020-08-11T08:26:19.963+0000: 88.313: [Full GC (Ergonomics) [PSYoungGen: 232960K->0K(465920K)] [ParOldGen: 1398094K->1398223K(1398272K)] 1631054K->1398223K(1864192K), [Metaspace: 2783K->2783K(1056768K)], 11.6901767 secs] [Times: user=93.41 sys=0.00, real=11.69 secs] 
2020-08-11T08:26:33.352+0000: 101.702: [Full GC (Ergonomics) [PSYoungGen: 232960K->76734K(465920K)] [ParOldGen: 1398223K->1398134K(1398272K)] 1631183K->1474868K(1864192K), [Metaspace: 2837K->2837K(1056768K)], 11.7192310 secs] [Times: user=93.60 sys=0.01, real=11.72 secs] 
2020-08-11T08:26:46.300+0000: 114.650: [Full GC (Ergonomics) [PSYoungGen: 232960K->76799K(465920K)] [ParOldGen: 1398134K->1398059K(1398272K)] 1631094K->1474858K(1864192K), [Metaspace: 2837K->2837K(1056768K)], 11.5434845 secs] [Times: user=92.00 sys=0.00, real=11.54 secs] 
2020-08-11T08:26:59.054+0000: 127.404: [Full GC (Ergonomics) [PSYoungGen: 232960K->69631K(465920K)] [ParOldGen: 1398059K->1397830K(1398272K)] 1631019K->1467462K(1864192K), [Metaspace: 2837K->2837K(1056768K)], 11.6611030 secs] [Times: user=92.66 sys=0.02, real=11.66 secs] 
2020-08-11T08:27:11.943+0000: 140.293: [Full GC (Ergonomics) [PSYoungGen: 232960K->76799K(465920K)] [ParOldGen: 1397830K->1398069K(1398272K)] 1630790K->1474869K(1864192K), [Metaspace: 2837K->2837K(1056768K)], 11.7372134 secs] [Times: user=93.77 sys=0.00, real=11.74 secs] 
2020-08-11T08:27:24.693+0000: 153.043: [Full GC (Ergonomics) [PSYoungGen: 232960K->76799K(465920K)] [ParOldGen: 1398069K->1398072K(1398272K)] 1631029K->1474871K(1864192K), [Metaspace: 2837K->2837K(1056768K)], 11.7384431 secs] [Times: user=93.79 sys=0.00, real=11.74 secs] 
2020-08-11T08:27:37.603+0000: 165.953: [Full GC (Ergonomics) [PSYoungGen: 232960K->76799K(465920K)] [ParOldGen: 1398072K->1398069K(1398272K)] 1631032K->1474868K(1864192K), [Metaspace: 2837K->2837K(1056768K)], 11.7503862 secs] [Times: user=93.90 sys=0.00, real=11.75 secs] 
2020-08-11T08:27:50.578+0000: 178.927: [Full GC (Ergonomics) [PSYoungGen: 232960K->74239K(465920K)] [ParOldGen: 1398069K->1398173K(1398272K)] 1631029K->1472412K(1864192K), [Metaspace: 2837K->2837K(1056768K)], 11.6702875 secs] [Times: user=93.25 sys=0.00, real=11.66 secs] 
2020-08-11T08:28:03.383+0000: 191.733: [Full GC (Ergonomics) [PSYoungGen: 232960K->76799K(465920K)] [ParOldGen: 1398173K->1398071K(1398272K)] 1631133K->1474870K(1864192K), [Metaspace: 2837K->2837K(1056768K)], 11.7609915 secs] [Times: user=93.96 sys=0.00, real=11.76 secs] 
2020-08-11T08:28:16.548+0000: 204.898: [Full GC (Ergonomics) [PSYoungGen: 232960K->31743K(465920K)] [ParOldGen: 1398071K->1397917K(1398272K)] 1631031K->1429660K(1864192K), [Metaspace: 2837K->2837K(1056768K)], 11.2716806 secs] [Times: user=90.00 sys=0.00, real=11.28 secs] 
2020-08-11T08:28:29.053+0000: 217.403: [Full GC (Ergonomics) [PSYoungGen: 232960K->76799K(465920K)] [ParOldGen: 1397917K->1398070K(1398272K)] 1630877K->1474869K(1864192K), [Metaspace: 2837K->2837K(1056768K)], 11.7661668 secs] [Times: user=94.02 sys=0.00, real=11.77 secs] 
2020-08-11T08:28:41.784+0000: 230.134: [Full GC (Ergonomics) [PSYoungGen: 232960K->76799K(465920K)] [ParOldGen: 1398070K->1397916K(1398272K)] 1631030K->1474716K(1864192K), [Metaspace: 2837K->2837K(1056768K)], 11.6934683 secs] [Times: user=93.44 sys=0.01, real=11.70 secs] 
2020-08-11T08:28:55.001+0000: 243.351: [Full GC (Ergonomics) [PSYoungGen: 232960K->0K(465920K)] [ParOldGen: 1397916K->1389958K(1398272K)] 1630876K->1389958K(1864192K), [Metaspace: 2837K->2837K(1056768K)], 10.9970879 secs] [Times: user=87.85 sys=0.00, real=11.00 secs] 
2020-08-11T08:29:07.787+0000: 256.137: [Full GC (Ergonomics) [PSYoungGen: 232960K->30207K(465920K)] [ParOldGen: 1389958K->1398148K(1398272K)] 1622918K->1428356K(1864192K), [Metaspace: 2837K->2837K(1056768K)], 11.3569447 secs] [Times: user=90.72 sys=0.00, real=11.36 secs] 
2020-08-11T08:29:20.807+0000: 269.157: [Full GC (Ergonomics) [PSYoungGen: 232960K->18943K(465920K)] [ParOldGen: 1398148K->1398189K(1398272K)] 1631108K->1417133K(1864192K), [Metaspace: 2837K->2837K(1056768K)], 11.2608504 secs] [Times: user=89.99 sys=0.00, real=11.26 secs] 
2020-08-11T08:29:33.350+0000: 281.700: [Full GC (Ergonomics) [PSYoungGen: 232960K->76799K(465920K)] [ParOldGen: 1398189K->1398068K(1398272K)] 1631149K->1474868K(1864192K), [Metaspace: 2837K->2837K(1056768K)], 11.5004450 secs] [Times: user=91.90 sys=0.00, real=11.50 secs] 
2020-08-11T08:29:46.030+0000: 294.380: [Full GC (Ergonomics) [PSYoungGen: 232960K->76799K(465920K)] [ParOldGen: 1398068K->1398049K(1398272K)] 1631028K->1474849K(1864192K), [Metaspace: 2837K->2837K(1056768K)], 11.7385718 secs] [Times: user=93.77 sys=0.00, real=11.74 secs] 
2020-08-11T08:29:59.401+0000: 307.751: [Full GC (Ergonomics) [PSYoungGen: 232960K->0K(465920K)] [ParOldGen: 1398049K->1386191K(1398272K)] 1631009K->1386191K(1864192K), [Metaspace: 2837K->2837K(1056768K)], 11.0485303 secs] [Times: user=88.25 sys=0.02, real=11.05 secs] 
2020-08-11T08:30:11.866+0000: 320.216: [Full GC (Ergonomics) [PSYoungGen: 232960K->74751K(465920K)] [ParOldGen: 1386191K->1397846K(1398272K)] 1619151K->1472598K(1864192K), [Metaspace: 2837K->2837K(1056768K)], 11.7151614 secs] [Times: user=93.60 sys=0.00, real=11.72 secs] 
2020-08-11T08:30:24.877+0000: 333.227: [Full GC (Ergonomics) [PSYoungGen: 232960K->70655K(465920K)] [ParOldGen: 1397846K->1398093K(1398272K)] 1630806K->1468749K(1864192K), [Metaspace: 2837K->2837K(1056768K)], 11.7067698 secs] [Times: user=93.54 sys=0.00, real=11.70 secs] 
2020-08-11T08:30:37.910+0000: 346.260: [Full GC (Ergonomics) [PSYoungGen: 232960K->72191K(465920K)] [ParOldGen: 1398093K->1398160K(1398272K)] 1631053K->1470351K(1864192K), [Metaspace: 2837K->2837K(1056768K)], 11.7152026 secs] [Times: user=93.61 sys=0.00, real=11.71 secs] 
2020-08-11T08:30:50.903+0000: 359.253: [Full GC (Ergonomics) [PSYoungGen: 232960K->76799K(465920K)] [ParOldGen: 1398160K->1397984K(1398272K)] 1631120K->1474784K(1864192K), [Metaspace: 2837K->2837K(1056768K)], 11.5510901 secs] [Times: user=92.30 sys=0.01, real=11.55 secs] 
2020-08-11T08:31:03.998+0000: 372.348: [Full GC (Ergonomics) [PSYoungGen: 232960K->0K(465920K)] [ParOldGen: 1397984K->1390755K(1398272K)] 1630944K->1390755K(1864192K), [Metaspace: 2837K->2837K(1056768K)], 11.0258415 secs] [Times: user=88.08 sys=0.00, real=11.02 secs] 
2020-08-11T08:31:17.046+0000: 385.396: [Full GC (Ergonomics) [PSYoungGen: 232960K->4095K(465920K)] [ParOldGen: 1390755K->1397942K(1398272K)] 1623715K->1402038K(1864192K), [Metaspace: 2837K->2837K(1056768K)], 11.1179816 secs] [Times: user=88.81 sys=0.00, real=11.12 secs] 
2020-08-11T08:31:29.880+0000: 398.230: [Full GC (Ergonomics) [PSYoungGen: 232960K->46079K(465920K)] [ParOldGen: 1397942K->1397934K(1398272K)] 1630902K->1444014K(1864192K), [Metaspace: 2837K->2837K(1056768K)], 11.4280226 secs] [Times: user=91.32 sys=0.01, real=11.42 secs] 
2020-08-11T08:31:42.655+0000: 411.005: [Full GC (Ergonomics) [PSYoungGen: 232960K->55807K(465920K)] [ParOldGen: 1397934K->1398184K(1398272K)] 1630894K->1453991K(1864192K), [Metaspace: 2837K->2837K(1056768K)], 11.6162849 secs] [Times: user=92.83 sys=0.00, real=11.62 secs] 
2020-08-11T08:31:55.678+0000: 424.028: [Full GC (Ergonomics) [PSYoungGen: 232960K->63487K(465920K)] [ParOldGen: 1398184K->1398076K(1398272K)] 1631144K->1461563K(1864192K), [Metaspace: 2837K->2837K(1056768K)], 11.4682083 secs] [Times: user=91.64 sys=0.01, real=11.46 secs] 
2020-08-11T08:32:08.479+0000: 436.829: [Full GC (Ergonomics) [PSYoungGen: 232960K->67071K(465920K)] [ParOldGen: 1398076K->1397976K(1398272K)] 1631036K->1465048K(1864192K), [Metaspace: 2837K->2837K(1056768K)], 11.5224556 secs] [Times: user=91.95 sys=0.04, real=11.52 secs] 
2020-08-11T08:32:21.624+0000: 449.974: [Full GC (Ergonomics) [PSYoungGen: 232960K->26111K(465920K)] [ParOldGen: 1397976K->1398210K(1398272K)] 1630936K->1424322K(1864192K), [Metaspace: 2837K->2837K(1056768K)], 11.2595976 secs] [Times: user=89.95 sys=0.01, real=11.26 secs] 
2020-08-11T08:32:34.512+0000: 462.862: [Full GC (Ergonomics) [PSYoungGen: 232960K->53247K(465920K)] [ParOldGen: 1398210K->1397922K(1398272K)] 1631170K->1451169K(1864192K), [Metaspace: 2837K->2837K(1056768K)], 11.5875045 secs] [Times: user=92.59 sys=0.00, real=11.59 secs] 
2020-08-11T08:32:47.550+0000: 475.900: [Full GC (Ergonomics) [PSYoungGen: 232960K->66047K(465920K)] [ParOldGen: 1397922K->1398117K(1398272K)] 1630882K->1464164K(1864192K), [Metaspace: 2837K->2837K(1056768K)], 11.6359689 secs] [Times: user=92.93 sys=0.00, real=11.63 secs] 
2020-08-11T08:33:00.593+0000: 488.943: [Full GC (Ergonomics) [PSYoungGen: 232960K->49663K(465920K)] [ParOldGen: 1398117K->1397988K(1398272K)] 1631077K->1447652K(1864192K), [Metaspace: 2837K->2837K(1056768K)], 11.4803787 secs] [Times: user=91.71 sys=0.01, real=11.48 secs] 
2020-08-11T08:33:13.716+0000: 502.066: [Full GC (Ergonomics) [PSYoungGen: 232960K->4607K(465920K)] [ParOldGen: 1397988K->1398046K(1398272K)] 1630948K->1402654K(1864192K), [Metaspace: 2837K->2837K(1056768K)], 11.1587800 secs] [Times: user=89.16 sys=0.00, real=11.16 secs] 
2020-08-11T08:33:26.565+0000: 514.915: [Full GC (Ergonomics) [PSYoungGen: 232960K->39935K(465920K)] [ParOldGen: 1398046K->1398004K(1398272K)] 1631006K->1437940K(1864192K), [Metaspace: 2837K->2837K(1056768K)], 11.3621490 secs] [Times: user=90.78 sys=0.00, real=11.36 secs] 
2020-08-11T08:33:39.507+0000: 527.857: [Full GC (Ergonomics) [PSYoungGen: 232960K->31231K(465920K)] [ParOldGen: 1398004K->1398060K(1398272K)] 1630964K->1429292K(1864192K), [Metaspace: 2837K->2837K(1056768K)], 11.3452742 secs] [Times: user=90.65 sys=0.00, real=11.35 secs] 
2020-08-11T08:33:52.571+0000: 540.921: [Full GC (Ergonomics) [PSYoungGen: 232960K->23551K(465920K)] [ParOldGen: 1398060K->1398085K(1398272K)] 1631020K->1421637K(1864192K), [Metaspace: 2837K->2837K(1056768K)], 11.2419790 secs] [Times: user=89.82 sys=0.01, real=11.24 secs] 
2020-08-11T08:34:05.403+0000: 553.753: [Full GC (Ergonomics) [PSYoungGen: 232960K->44031K(465920K)] [ParOldGen: 1398085K->1398269K(1398272K)] 1631045K->1442301K(1864192K), [Metaspace: 2837K->2837K(1056768K)], 11.4221871 secs] [Times: user=91.24 sys=0.01, real=11.42 secs] 
2020-08-11T08:34:18.114+0000: 566.464: [Full GC (Ergonomics) [PSYoungGen: 232960K->73215K(465920K)] [ParOldGen: 1398269K->1398035K(1398272K)] 1631229K->1471251K(1864192K), [Metaspace: 2837K->2837K(1056768K)], 11.6385497 secs] [Times: user=92.94 sys=0.01, real=11.64 secs] 
2020-08-11T08:34:31.046+0000: 579.396: [Full GC (Ergonomics) [PSYoungGen: 232960K->76287K(465920K)] [ParOldGen: 1398035K->1398258K(1398272K)] 1630995K->1474546K(1864192K), [Metaspace: 2837K->2837K(1056768K)], 11.6017599 secs] [Times: user=92.70 sys=0.00, real=11.60 secs] 
2020-08-11T08:34:44.081+0000: 592.431: [Full GC (Ergonomics) [PSYoungGen: 232960K->51199K(465920K)] [ParOldGen: 1398258K->1397859K(1398272K)] 1631218K->1449059K(1864192K), [Metaspace: 2837K->2837K(1056768K)], 11.3844296 secs] [Times: user=90.96 sys=0.00, real=11.38 secs] 
2020-08-11T08:34:56.847+0000: 605.197: [Full GC (Ergonomics) [PSYoungGen: 232960K->44031K(465920K)] [ParOldGen: 1397859K->1398060K(1398272K)] 1630819K->1442092K(1864192K), [Metaspace: 2837K->2837K(1056768K)], 11.4315166 secs] [Times: user=91.32 sys=0.00, real=11.44 secs] 
2020-08-11T08:35:09.579+0000: 617.929: [Full GC (Ergonomics) [PSYoungGen: 232960K->59391K(465920K)] [ParOldGen: 1398060K->1397967K(1398272K)] 1631020K->1457359K(1864192K), [Metaspace: 2837K->2837K(1056768K)], 11.5292186 secs] [Times: user=92.13 sys=0.00, real=11.52 secs] 
2020-08-11T08:35:22.742+0000: 631.091: [Full GC (Ergonomics) [PSYoungGen: 232960K->0K(465920K)] [ParOldGen: 1397967K->1391820K(1398272K)] 1630927K->1391820K(1864192K), [Metaspace: 2837K->2837K(1056768K)], 11.0593141 secs] [Times: user=88.35 sys=0.00, real=11.06 secs] 
2020-08-11T08:35:35.754+0000: 644.104: [Full GC (Ergonomics) [PSYoungGen: 232960K->0K(465920K)] [ParOldGen: 1391820K->1358677K(1398272K)] 1624780K->1358677K(1864192K), [Metaspace: 2837K->2837K(1056768K)], 10.7137241 secs] [Times: user=85.56 sys=0.00, real=10.71 secs] 
2020-08-11T08:35:47.776+0000: 656.126: [Full GC (Ergonomics) [PSYoungGen: 232960K->76799K(465920K)] [ParOldGen: 1358677K->1398058K(1398272K)] 1591637K->1474858K(1864192K), [Metaspace: 2837K->2837K(1056768K)], 11.7462812 secs] [Times: user=93.86 sys=0.00, real=11.75 secs] 
2020-08-11T08:36:00.468+0000: 668.818: [Full GC (Ergonomics) [PSYoungGen: 232960K->76799K(465920K)] [ParOldGen: 1398058K->1398058K(1398272K)] 1631018K->1474857K(1864192K), [Metaspace: 2837K->2837K(1056768K)], 11.7520568 secs] [Times: user=93.89 sys=0.00, real=11.76 secs] 
2020-08-11T08:36:13.360+0000: 681.710: [Full GC (Ergonomics) [PSYoungGen: 232960K->76799K(465920K)] [ParOldGen: 1398058K->1398001K(1398272K)] 1631018K->1474801K(1864192K), [Metaspace: 2837K->2837K(1056768K)], 11.7526793 secs] [Times: user=93.91 sys=0.00, real=11.75 secs] 
2020-08-11T08:36:26.274+0000: 694.624: [Full GC (Ergonomics) [PSYoungGen: 232960K->43007K(465920K)] [ParOldGen: 1398001K->1398167K(1398272K)] 1630961K->1441175K(1864192K), [Metaspace: 2837K->2837K(1056768K)], 11.4361108 secs] [Times: user=91.38 sys=0.00, real=11.44 secs] 
2020-08-11T08:36:39.312+0000: 707.662: [Full GC (Ergonomics) [PSYoungGen: 232960K->5631K(465920K)] [ParOldGen: 1398167K->1398187K(1398272K)] 1631127K->1403819K(1864192K), [Metaspace: 2837K->2837K(1056768K)], 11.1223687 secs] [Times: user=88.87 sys=0.00, real=11.12 secs] 
2020-08-11T08:36:51.989+0000: 720.339: [Full GC (Ergonomics) [PSYoungGen: 232960K->52735K(465920K)] [ParOldGen: 1398187K->1398231K(1398272K)] 1631147K->1450967K(1864192K), [Metaspace: 2837K->2837K(1056768K)], 11.4609067 secs] [Times: user=91.58 sys=0.00, real=11.46 secs] 
2020-08-11T08:37:05.441+0000: 733.791: [Full GC (Ergonomics) [PSYoungGen: 232960K->0K(465920K)] [ParOldGen: 1398231K->1377670K(1398272K)] 1631191K->1377670K(1864192K), [Metaspace: 2837K->2837K(1056768K)], 10.9665491 secs] [Times: user=87.55 sys=0.02, real=10.96 secs] 
2020-08-11T08:37:17.657+0000: 746.007: [Full GC (Ergonomics) [PSYoungGen: 232960K->76799K(465920K)] [ParOldGen: 1377670K->1398059K(1398272K)] 1610630K->1474859K(1864192K), [Metaspace: 2837K->2837K(1056768K)], 11.6628174 secs] [Times: user=93.20 sys=0.00, real=11.66 secs] 
2020-08-11T08:37:30.341+0000: 758.691: [Full GC (Ergonomics) [PSYoungGen: 232960K->76799K(465920K)] [ParOldGen: 1398059K->1398057K(1398272K)] 1631019K->1474857K(1864192K), [Metaspace: 2837K->2837K(1056768K)], 11.6696456 secs] [Times: user=93.21 sys=0.00, real=11.67 secs] 
2020-08-11T08:37:43.191+0000: 771.541: [Full GC (Ergonomics) [PSYoungGen: 232960K->74751K(465920K)] [ParOldGen: 1398057K->1398094K(1398272K)] 1631017K->1472846K(1864192K), [Metaspace: 2837K->2837K(1056768K)], 11.6980587 secs] [Times: user=93.48 sys=0.00, real=11.70 secs] 
2020-08-11T08:37:55.941+0000: 784.291: [Full GC (Ergonomics) [PSYoungGen: 232960K->76799K(465920K)] [ParOldGen: 1398094K->1398060K(1398272K)] 1631054K->1474860K(1864192K), [Metaspace: 2837K->2837K(1056768K)], 11.6777691 secs] [Times: user=93.28 sys=0.00, real=11.68 secs] 
2020-08-11T08:38:08.800+0000: 797.150: [Full GC (Ergonomics) [PSYoungGen: 232960K->76799K(465920K)] [ParOldGen: 1398060K->1398059K(1398272K)] 1631020K->1474858K(1864192K), [Metaspace: 2837K->2837K(1056768K)], 11.6225704 secs] [Times: user=92.86 sys=0.00, real=11.62 secs] 
2020-08-11T08:38:21.977+0000: 810.327: [Full GC (Ergonomics) [PSYoungGen: 232960K->40959K(465920K)] [ParOldGen: 1398059K->1397945K(1398272K)] 1631019K->1438905K(1864192K), [Metaspace: 2837K->2837K(1056768K)], 11.4340034 secs] [Times: user=91.33 sys=0.00, real=11.43 secs] 
2020-08-11T08:38:35.115+0000: 823.465: [Full GC (Ergonomics) [PSYoungGen: 232960K->7167K(465920K)] [ParOldGen: 1397945K->1398113K(1398272K)] 1630905K->1405281K(1864192K), [Metaspace: 2837K->2837K(1056768K)], 11.2312524 secs] [Times: user=89.75 sys=0.00, real=11.23 secs] 
2020-08-11T08:38:47.996+0000: 836.346: [Full GC (Ergonomics) [PSYoungGen: 232960K->44543K(465920K)] [ParOldGen: 1398113K->1398142K(1398272K)] 1631073K->1442686K(1864192K), [Metaspace: 2837K->2837K(1056768K)], 11.4445630 secs] [Times: user=91.39 sys=0.01, real=11.45 secs] 
2020-08-11T08:39:00.832+0000: 849.182: [Full GC (Ergonomics) [PSYoungGen: 232960K->76287K(465920K)] [ParOldGen: 1398142K->1398143K(1398272K)] 1631102K->1474431K(1864192K), [Metaspace: 2837K->2837K(1056768K)], 11.6503039 secs] [Times: user=93.07 sys=0.00, real=11.65 secs] 
2020-08-11T08:39:13.771+0000: 862.121: [Full GC (Ergonomics) [PSYoungGen: 232960K->49663K(465920K)] [ParOldGen: 1398143K->1397794K(1398272K)] 1631103K->1447458K(1864192K), [Metaspace: 2837K->2837K(1056768K)], 11.5465012 secs] [Times: user=92.26 sys=0.01, real=11.55 secs] 
2020-08-11T08:39:26.771+0000: 875.121: [Full GC (Ergonomics) [PSYoungGen: 232960K->61439K(465920K)] [ParOldGen: 1397794K->1397914K(1398272K)] 1630754K->1459353K(1864192K), [Metaspace: 2837K->2837K(1056768K)], 11.6039510 secs] [Times: user=92.71 sys=0.00, real=11.60 secs] 
2020-08-11T08:39:39.714+0000: 888.064: [Full GC (Ergonomics) [PSYoungGen: 232960K->73727K(465920K)] [ParOldGen: 1397914K->1398060K(1398272K)] 1630874K->1471787K(1864192K), [Metaspace: 2837K->2837K(1056768K)], 11.5688280 secs] [Times: user=92.44 sys=0.00, real=11.57 secs] 
2020-08-11T08:39:52.570+0000: 900.920: [Full GC (Ergonomics) [PSYoungGen: 232960K->76799K(465920K)] [ParOldGen: 1398060K->1397862K(1398272K)] 1631020K->1474661K(1864192K), [Metaspace: 2837K->2837K(1056768K)], 11.7886812 secs] [Times: user=94.18 sys=0.00, real=11.79 secs] 
2020-08-11T08:40:05.629+0000: 913.979: [Full GC (Ergonomics) [PSYoungGen: 232960K->76799K(465920K)] [ParOldGen: 1397862K->1397860K(1398272K)] 1630822K->1474659K(1864192K), [Metaspace: 2837K->2837K(1056768K)], 11.7518250 secs] [Times: user=93.89 sys=0.00, real=11.75 secs] 
2020-08-11T08:40:18.453+0000: 926.803: [Full GC (Ergonomics) [PSYoungGen: 232960K->76799K(465920K)] [ParOldGen: 1397860K->1398059K(1398272K)] 1630820K->1474858K(1864192K), [Metaspace: 2837K->2837K(1056768K)], 11.7376678 secs] [Times: user=93.79 sys=0.00, real=11.74 secs] 
2020-08-11T08:40:31.357+0000: 939.707: [Full GC (Ergonomics) [PSYoungGen: 232960K->76724K(465920K)] [ParOldGen: 1398059K->1398133K(1398272K)] 1631019K->1474858K(1864192K), [Metaspace: 2837K->2837K(1056768K)], 11.6995419 secs] [Times: user=93.45 sys=0.01, real=11.70 secs] 
2020-08-11T08:40:44.299+0000: 952.649: [Full GC (Ergonomics) [PSYoungGen: 232960K->76287K(465920K)] [ParOldGen: 1398133K->1398026K(1398272K)] 1631093K->1474313K(1864192K), [Metaspace: 2837K->2837K(1056768K)], 11.6489750 secs] [Times: user=93.09 sys=0.00, real=11.64 secs] 
2020-08-11T08:40:57.213+0000: 965.563: [Full GC (Ergonomics) [PSYoungGen: 232960K->76799K(465920K)] [ParOldGen: 1398026K->1397760K(1398272K)] 1630986K->1474560K(1864192K), [Metaspace: 2837K->2837K(1056768K)], 11.7571064 secs] [Times: user=93.90 sys=0.00, real=11.76 secs] 
2020-08-11T08:41:10.319+0000: 978.669: [Full GC (Ergonomics) [PSYoungGen: 232960K->49151K(465920K)] [ParOldGen: 1397760K->1397936K(1398272K)] 1630720K->1447087K(1864192K), [Metaspace: 2837K->2837K(1056768K)], 11.3862682 secs] [Times: user=90.96 sys=0.01, real=11.38 secs] 
2020-08-11T08:41:23.258+0000: 991.608: [Full GC (Ergonomics) [PSYoungGen: 232960K->39423K(465920K)] [ParOldGen: 1397936K->1398260K(1398272K)] 1630896K->1437684K(1864192K), [Metaspace: 2837K->2837K(1056768K)], 11.3547978 secs] [Times: user=90.72 sys=0.01, real=11.35 secs] 
2020-08-11T08:41:36.111+0000: 1004.461: [Full GC (Ergonomics) [PSYoungGen: 232960K->58879K(465920K)] [ParOldGen: 1398260K->1397927K(1398272K)] 1631220K->1456807K(1864192K), [Metaspace: 2837K->2837K(1056768K)], 11.6251581 secs] [Times: user=92.89 sys=0.00, real=11.62 secs] 
2020-08-11T08:41:49.290+0000: 1017.640: [Full GC (Ergonomics) [PSYoungGen: 232960K->38911K(465920K)] [ParOldGen: 1397927K->1397807K(1398272K)] 1630887K->1436718K(1864192K), [Metaspace: 2837K->2837K(1056768K)], 11.3421807 secs] [Times: user=90.52 sys=0.01, real=11.34 secs] 
2020-08-11T08:42:02.075+0000: 1030.425: [Full GC (Ergonomics) [PSYoungGen: 232960K->72191K(465920K)] [ParOldGen: 1397807K->1398258K(1398272K)] 1630767K->1470450K(1864192K), [Metaspace: 2837K->2837K(1056768K)], 11.2449191 secs] [Times: user=89.78 sys=0.01, real=11.25 secs] 
2020-08-11T08:42:14.640+0000: 1042.990: [Full GC (Ergonomics) [PSYoungGen: 232960K->68095K(465920K)] [ParOldGen: 1398258K->1397848K(1398272K)] 1631218K->1465943K(1864192K), [Metaspace: 2837K->2837K(1056768K)], 11.7069428 secs] [Times: user=93.51 sys=0.00, real=11.70 secs] 
2020-08-11T08:42:27.638+0000: 1055.988: [Full GC (Ergonomics) [PSYoungGen: 232960K->74751K(465920K)] [ParOldGen: 1397848K->1397963K(1398272K)] 1630808K->1472715K(1864192K), [Metaspace: 2837K->2837K(1056768K)], 11.6307391 secs] [Times: user=92.92 sys=0.01, real=11.63 secs] 
2020-08-11T08:42:40.693+0000: 1069.043: [Full GC (Ergonomics) [PSYoungGen: 232960K->52223K(465920K)] [ParOldGen: 1397963K->1398059K(1398272K)] 1630923K->1450283K(1864192K), [Metaspace: 2837K->2837K(1056768K)], 11.4217280 secs] [Times: user=91.26 sys=0.00, real=11.42 secs] 
2020-08-11T08:42:53.581+0000: 1081.931: [Full GC (Ergonomics) [PSYoungGen: 232960K->38399K(465920K)] [ParOldGen: 1398059K->1398124K(1398272K)] 1631019K->1436523K(1864192K), [Metaspace: 2837K->2837K(1056768K)], 11.3435693 secs] [Times: user=90.61 sys=0.01, real=11.34 secs] 
2020-08-11T08:43:06.461+0000: 1094.811: [Full GC (Ergonomics) [PSYoungGen: 232960K->55295K(465920K)] [ParOldGen: 1398124K->1398100K(1398272K)] 1631084K->1453395K(1864192K), [Metaspace: 2837K->2837K(1056768K)], 11.3662129 secs] [Times: user=90.80 sys=0.00, real=11.36 secs] 
2020-08-11T08:43:19.423+0000: 1107.773: [Full GC (Ergonomics) [PSYoungGen: 232960K->22527K(465920K)] [ParOldGen: 1398100K->1397862K(1398272K)] 1631060K->1420390K(1864192K), [Metaspace: 2837K->2837K(1056768K)], 11.2750272 secs] [Times: user=90.08 sys=0.00, real=11.28 secs] 
2020-08-11T08:43:32.158+0000: 1120.508: [Full GC (Ergonomics) [PSYoungGen: 232960K->76287K(465920K)] [ParOldGen: 1397862K->1397851K(1398272K)] 1630822K->1474138K(1864192K), [Metaspace: 2837K->2837K(1056768K)], 11.7457933 secs] [Times: user=93.86 sys=0.00, real=11.74 secs] 
2020-08-11T08:43:45.651+0000: 1134.001: [Full GC (Ergonomics) [PSYoungGen: 232960K->1023K(465920K)] [ParOldGen: 1397851K->1398062K(1398272K)] 1630811K->1399086K(1864192K), [Metaspace: 2837K->2837K(1056768K)], 10.9204661 secs] [Times: user=87.22 sys=0.01, real=10.92 secs] 
2020-08-11T08:43:58.139+0000: 1146.489: [Full GC (Ergonomics) [PSYoungGen: 232960K->74751K(465920K)] [ParOldGen: 1398062K->1398241K(1398272K)] 1631022K->1472992K(1864192K), [Metaspace: 2837K->2837K(1056768K)], 11.6431866 secs] [Times: user=93.02 sys=0.00, real=11.64 secs] 
2020-08-11T08:44:11.052+0000: 1159.402: [Full GC (Ergonomics) [PSYoungGen: 232960K->72703K(465920K)] [ParOldGen: 1398241K->1398147K(1398272K)] 1631201K->1470850K(1864192K), [Metaspace: 2837K->2837K(1056768K)], 11.7361708 secs] [Times: user=93.79 sys=0.00, real=11.73 secs] 
2020-08-11T08:44:24.190+0000: 1172.540: [Full GC (Ergonomics) [PSYoungGen: 232960K->38911K(465920K)] [ParOldGen: 1398147K->1397852K(1398272K)] 1631107K->1436764K(1864192K), [Metaspace: 2837K->2837K(1056768K)], 11.0209978 secs] [Times: user=88.06 sys=0.00, real=11.02 secs] 
2020-08-11T08:44:36.773+0000: 1185.123: [Full GC (Ergonomics) [PSYoungGen: 232960K->47615K(465920K)] [ParOldGen: 1397852K->1397947K(1398272K)] 1630812K->1445562K(1864192K), [Metaspace: 2837K->2837K(1056768K)], 11.5790903 secs] [Times: user=92.52 sys=0.00, real=11.58 secs] 
2020-08-11T08:44:49.707+0000: 1198.057: [Full GC (Ergonomics) [PSYoungGen: 232960K->70143K(465920K)] [ParOldGen: 1397947K->1398043K(1398272K)] 1630907K->1468186K(1864192K), [Metaspace: 2837K->2837K(1056768K)], 11.7157505 secs] [Times: user=93.61 sys=0.01, real=11.72 secs] 
2020-08-11T08:45:02.900+0000: 1211.250: [Full GC (Ergonomics) [PSYoungGen: 232960K->12287K(465920K)] [ParOldGen: 1398043K->1398040K(1398272K)] 1631003K->1410328K(1864192K), [Metaspace: 2837K->2837K(1056768K)], 11.0189265 secs] [Times: user=88.03 sys=0.00, real=11.02 secs] 
2020-08-11T08:45:15.538+0000: 1223.888: [Full GC (Ergonomics) [PSYoungGen: 232960K->50687K(465920K)] [ParOldGen: 1398040K->1398087K(1398272K)] 1631000K->1448775K(1864192K), [Metaspace: 2837K->2837K(1056768K)], 11.5727538 secs] [Times: user=92.43 sys=0.02, real=11.57 secs] 
2020-08-11T08:45:28.501+0000: 1236.851: [Full GC (Ergonomics) [PSYoungGen: 232960K->63487K(465920K)] [ParOldGen: 1398087K->1397873K(1398272K)] 1631047K->1461361K(1864192K), [Metaspace: 2837K->2837K(1056768K)], 11.6381089 secs] [Times: user=92.98 sys=0.00, real=11.64 secs] 
2020-08-11T08:45:41.466+0000: 1249.816: [Full GC (Ergonomics) [PSYoungGen: 232960K->76799K(465920K)] [ParOldGen: 1397873K->1397960K(1398272K)] 1630833K->1474760K(1864192K), [Metaspace: 2837K->2837K(1056768K)], 11.5504720 secs] [Times: user=92.29 sys=0.00, real=11.55 secs] 
2020-08-11T08:45:54.285+0000: 1262.635: [Full GC (Ergonomics) [PSYoungGen: 232960K->74239K(465920K)] [ParOldGen: 1397960K->1398124K(1398272K)] 1630920K->1472363K(1864192K), [Metaspace: 2837K->2837K(1056768K)], 11.7170447 secs] [Times: user=93.60 sys=0.01, real=11.72 secs] 
2020-08-11T08:46:07.360+0000: 1275.710: [Full GC (Ergonomics) [PSYoungGen: 232960K->63999K(465920K)] [ParOldGen: 1398124K->1398082K(1398272K)] 1631084K->1462081K(1864192K), [Metaspace: 2837K->2837K(1056768K)], 11.6278548 secs] [Times: user=92.90 sys=0.00, real=11.62 secs] 
2020-08-11T08:46:20.329+0000: 1288.679: [Full GC (Ergonomics) [PSYoungGen: 232960K->73727K(465920K)] [ParOldGen: 1398082K->1398166K(1398272K)] 1631042K->1471894K(1864192K), [Metaspace: 2837K->2837K(1056768K)], 11.6614902 secs] [Times: user=93.18 sys=0.01, real=11.66 secs] 
2020-08-11T08:46:33.407+0000: 1301.757: [Full GC (Ergonomics) [PSYoungGen: 232960K->32255K(465920K)] [ParOldGen: 1398166K->1398100K(1398272K)] 1631126K->1430356K(1864192K), [Metaspace: 2837K->2837K(1056768K)], 11.3711093 secs] [Times: user=90.86 sys=0.00, real=11.38 secs] 
2020-08-11T08:46:46.414+0000: 1314.764: [Full GC (Ergonomics) [PSYoungGen: 232960K->35327K(465920K)] [ParOldGen: 1398100K->1398077K(1398272K)] 1631060K->1433405K(1864192K), [Metaspace: 2837K->2837K(1056768K)], 11.4084704 secs] [Times: user=91.15 sys=0.00, real=11.41 secs] 
2020-08-11T08:46:59.243+0000: 1327.593: [Full GC (Ergonomics) [PSYoungGen: 232960K->70655K(465920K)] [ParOldGen: 1398077K->1398122K(1398272K)] 1631037K->1468778K(1864192K), [Metaspace: 2837K->2837K(1056768K)], 11.7271916 secs] [Times: user=93.66 sys=0.00, real=11.73 secs] 
2020-08-11T08:47:12.304+0000: 1340.654: [Full GC (Ergonomics) [PSYoungGen: 232960K->69119K(465920K)] [ParOldGen: 1398122K->1397910K(1398272K)] 1631082K->1467029K(1864192K), [Metaspace: 2837K->2837K(1056768K)], 11.5306297 secs] [Times: user=92.14 sys=0.00, real=11.53 secs] 
2020-08-11T08:47:25.529+0000: 1353.879: [Full GC (Ergonomics) [PSYoungGen: 232960K->4095K(465920K)] [ParOldGen: 1397910K->1397815K(1398272K)] 1630870K->1401911K(1864192K), [Metaspace: 2837K->2837K(1056768K)], 11.0644529 secs] [Times: user=88.40 sys=0.00, real=11.06 secs] 
2020-08-11T08:47:38.038+0000: 1366.388: [Full GC (Ergonomics) [PSYoungGen: 232960K->69119K(465920K)] [ParOldGen: 1397815K->1398123K(1398272K)] 1630775K->1467242K(1864192K), [Metaspace: 2837K->2837K(1056768K)], 11.6316141 secs] [Times: user=92.95 sys=0.00, real=11.63 secs] 
2020-08-11T08:47:50.961+0000: 1379.311: [Full GC (Ergonomics) [PSYoungGen: 232960K->56831K(465920K)] [ParOldGen: 1398123K->1398088K(1398272K)] 1631083K->1454920K(1864192K), [Metaspace: 2837K->2837K(1056768K)], 11.5065222 secs] [Times: user=91.94 sys=0.00, real=11.50 secs] 
2020-08-11T08:48:03.928+0000: 1392.278: [Full GC (Ergonomics) [PSYoungGen: 232960K->53247K(465920K)] [ParOldGen: 1398088K->1397870K(1398272K)] 1631048K->1451118K(1864192K), [Metaspace: 2837K->2837K(1056768K)], 11.4461847 secs] [Times: user=91.36 sys=0.00, real=11.45 secs] 
2020-08-11T08:48:16.792+0000: 1405.142: [Full GC (Ergonomics) [PSYoungGen: 232960K->72191K(465920K)] [ParOldGen: 1397870K->1398230K(1398272K)] 1630830K->1470422K(1864192K), [Metaspace: 2837K->2837K(1056768K)], 11.6750973 secs] [Times: user=93.29 sys=0.00, real=11.67 secs] 
2020-08-11T08:48:29.915+0000: 1418.265: [Full GC (Ergonomics) [PSYoungGen: 232960K->58367K(465920K)] [ParOldGen: 1398230K->1397888K(1398272K)] 1631190K->1456256K(1864192K), [Metaspace: 2837K->2837K(1056768K)], 11.6427764 secs] [Times: user=92.98 sys=0.01, real=11.65 secs] 
2020-08-11T08:48:42.861+0000: 1431.211: [Full GC (Ergonomics) [PSYoungGen: 232960K->75775K(465920K)] [ParOldGen: 1397888K->1398001K(1398272K)] 1630848K->1473776K(1864192K), [Metaspace: 2837K->2837K(1056768K)], 11.6485175 secs] [Times: user=93.07 sys=0.00, real=11.65 secs] 
2020-08-11T08:48:55.991+0000: 1444.341: [Full GC (Ergonomics) [PSYoungGen: 232960K->31231K(465920K)] [ParOldGen: 1398001K->1398056K(1398272K)] 1630961K->1429287K(1864192K), [Metaspace: 2837K->2837K(1056768K)], 11.3689234 secs] [Times: user=90.83 sys=0.00, real=11.37 secs] 
2020-08-11T08:49:08.908+0000: 1457.258: [Full GC (Ergonomics) [PSYoungGen: 232960K->53759K(465920K)] [ParOldGen: 1398056K->1397829K(1398272K)] 1631016K->1451589K(1864192K), [Metaspace: 2837K->2837K(1056768K)], 11.5433966 secs] [Times: user=92.24 sys=0.01, real=11.55 secs] 
2020-08-11T08:49:21.901+0000: 1470.251: [Full GC (Ergonomics) [PSYoungGen: 232960K->76287K(465920K)] [ParOldGen: 1397829K->1397953K(1398272K)] 1630789K->1474240K(1864192K), [Metaspace: 2837K->2837K(1056768K)], 11.7729332 secs] [Times: user=94.06 sys=0.00, real=11.77 secs] 
2020-08-11T08:49:35.368+0000: 1483.718: [Full GC (Ergonomics) [PSYoungGen: 232960K->0K(465920K)] [ParOldGen: 1397953K->1364914K(1398272K)] 1630913K->1364914K(1864192K), [Metaspace: 2837K->2837K(1056768K)], 10.8757218 secs] [Times: user=86.90 sys=0.00, real=10.88 secs] 
2020-08-11T08:49:48.346+0000: 1496.696: [Full GC (Ergonomics) [PSYoungGen: 232960K->0K(465920K)] [ParOldGen: 1364914K->1312109K(1398272K)] 1597874K->1312109K(1864192K), [Metaspace: 2837K->2837K(1056768K)], 10.4349386 secs] [Times: user=83.32 sys=0.01, real=10.44 secs] 
2020-08-11T08:50:00.677+0000: 1509.027: [Full GC (Ergonomics) [PSYoungGen: 232960K->0K(465920K)] [ParOldGen: 1312109K->1314211K(1398272K)] 1545069K->1314211K(1864192K), [Metaspace: 2837K->2837K(1056768K)], 10.4289093 secs] [Times: user=83.30 sys=0.02, real=10.43 secs] 
2020-08-11T08:50:12.251+0000: 1520.601: [Full GC (Ergonomics) [PSYoungGen: 232960K->76799K(465920K)] [ParOldGen: 1314211K->1397803K(1398272K)] 1547171K->1474603K(1864192K), [Metaspace: 2837K->2837K(1056768K)], 11.7189696 secs] [Times: user=93.64 sys=0.00, real=11.72 secs] 
2020-08-11T08:50:25.170+0000: 1533.520: [Full GC (Ergonomics) [PSYoungGen: 232960K->76799K(465920K)] [ParOldGen: 1397803K->1397871K(1398272K)] 1630763K->1474671K(1864192K), [Metaspace: 2837K->2837K(1056768K)], 11.6842398 secs] [Times: user=93.36 sys=0.00, real=11.68 secs] 
2020-08-11T08:50:38.076+0000: 1546.426: [Full GC (Ergonomics) [PSYoungGen: 232960K->76799K(465920K)] [ParOldGen: 1397871K->1397865K(1398272K)] 1630831K->1474664K(1864192K), [Metaspace: 2837K->2837K(1056768K)], 11.7016614 secs] [Times: user=93.51 sys=0.00, real=11.71 secs] 
2020-08-11T08:50:51.158+0000: 1559.508: [Full GC (Ergonomics) [PSYoungGen: 232960K->39935K(465920K)] [ParOldGen: 1397865K->1398215K(1398272K)] 1630825K->1438151K(1864192K), [Metaspace: 2837K->2837K(1056768K)], 11.4132632 secs] [Times: user=91.18 sys=0.02, real=11.41 secs] 
2020-08-11T08:51:03.965+0000: 1572.315: [Full GC (Ergonomics) [PSYoungGen: 232960K->76799K(465920K)] [ParOldGen: 1398215K->1398058K(1398272K)] 1631175K->1474857K(1864192K), [Metaspace: 2837K->2837K(1056768K)], 11.7649692 secs] [Times: user=94.00 sys=0.00, real=11.77 secs] 
2020-08-11T08:51:17.008+0000: 1585.358: [Full GC (Ergonomics) [PSYoungGen: 232960K->71167K(465920K)] [ParOldGen: 1398058K->1397988K(1398272K)] 1631018K->1469155K(1864192K), [Metaspace: 2837K->2837K(1056768K)], 11.5758251 secs] [Times: user=92.50 sys=0.00, real=11.58 secs] 
2020-08-11T08:51:29.888+0000: 1598.238: [Full GC (Ergonomics) [PSYoungGen: 232960K->75775K(465920K)] [ParOldGen: 1397988K->1398251K(1398272K)] 1630948K->1474026K(1864192K), [Metaspace: 2837K->2837K(1056768K)], 11.7282760 secs] [Times: user=93.70 sys=0.01, real=11.74 secs] 
2020-08-11T08:51:42.867+0000: 1611.217: [Full GC (Ergonomics) [PSYoungGen: 232960K->75775K(465920K)] [ParOldGen: 1398251K->1398038K(1398272K)] 1631211K->1473813K(1864192K), [Metaspace: 2837K->2837K(1056768K)], 11.7418389 secs] [Times: user=93.79 sys=0.00, real=11.75 secs] 
2020-08-11T08:51:55.904+0000: 1624.254: [Full GC (Ergonomics) [PSYoungGen: 232960K->75775K(465920K)] [ParOldGen: 1398038K->1397972K(1398272K)] 1630998K->1473747K(1864192K), [Metaspace: 2837K->2837K(1056768K)], 11.7117092 secs] [Times: user=93.57 sys=0.00, real=11.71 secs] 
2020-08-11T08:52:09.231+0000: 1637.580: [Full GC (Ergonomics) [PSYoungGen: 232960K->0K(465920K)] [ParOldGen: 1397972K->1392662K(1398272K)] 1630932K->1392662K(1864192K), [Metaspace: 2837K->2837K(1056768K)], 11.0606909 secs] [Times: user=88.38 sys=0.00, real=11.06 secs] 
2020-08-11T08:52:22.482+0000: 1650.832: [Full GC (Ergonomics) [PSYoungGen: 232960K->0K(465920K)] [ParOldGen: 1392662K->1341065K(1398272K)] 1625622K->1341065K(1864192K), [Metaspace: 2837K->2837K(1056768K)], 10.7473323 secs] [Times: user=85.86 sys=0.00, real=10.75 secs] 
2020-08-11T08:52:35.355+0000: 1663.705: [Full GC (Ergonomics) [PSYoungGen: 232960K->0K(465920K)] [ParOldGen: 1341065K->1321246K(1398272K)] 1574025K->1321246K(1864192K), [Metaspace: 2837K->2837K(1056768K)], 10.5206174 secs] [Times: user=84.06 sys=0.00, real=10.52 secs] 
2020-08-11T08:52:47.809+0000: 1676.159: [Full GC (Ergonomics) [PSYoungGen: 232960K->0K(465920K)] [ParOldGen: 1321246K->1311408K(1398272K)] 1554206K->1311408K(1864192K), [Metaspace: 2837K->2837K(1056768K)], 10.4942346 secs] [Times: user=83.80 sys=0.01, real=10.50 secs] 
2020-08-11T08:53:00.152+0000: 1688.502: [Full GC (Ergonomics) [PSYoungGen: 232960K->0K(465920K)] [ParOldGen: 1311408K->1332756K(1398272K)] 1544368K->1332756K(1864192K), [Metaspace: 2837K->2837K(1056768K)], 10.5963360 secs] [Times: user=84.65 sys=0.01, real=10.60 secs] 
2020-08-11T08:53:12.576+0000: 1700.926: [Full GC (Ergonomics) [PSYoungGen: 232960K->0K(465920K)] [ParOldGen: 1332756K->1356899K(1398272K)] 1565716K->1356899K(1864192K), [Metaspace: 2837K->2837K(1056768K)], 10.7366304 secs] [Times: user=85.79 sys=0.00, real=10.74 secs] 
2020-08-11T08:53:25.143+0000: 1713.493: [Full GC (Ergonomics) [PSYoungGen: 232960K->0K(465920K)] [ParOldGen: 1356899K->1361926K(1398272K)] 1589859K->1361926K(1864192K), [Metaspace: 2837K->2837K(1056768K)], 10.8540078 secs] [Times: user=86.73 sys=0.00, real=10.86 secs] 
2020-08-11T08:53:37.837+0000: 1726.187: [Full GC (Ergonomics) [PSYoungGen: 232960K->0K(465920K)] [ParOldGen: 1361926K->1365000K(1398272K)] 1594886K->1365000K(1864192K), [Metaspace: 2837K->2837K(1056768K)], 10.9536824 secs] [Times: user=87.53 sys=0.00, real=10.95 secs] 
2020-08-11T08:53:50.616+0000: 1738.966: [Full GC (Ergonomics) [PSYoungGen: 232960K->0K(465920K)] [ParOldGen: 1365000K->1391290K(1398272K)] 1597960K->1391290K(1864192K), [Metaspace: 2837K->2837K(1056768K)], 11.0235912 secs] [Times: user=88.09 sys=0.00, real=11.03 secs] 
2020-08-11T08:54:03.770+0000: 1752.120: [Full GC (Ergonomics) [PSYoungGen: 232960K->0K(465920K)] [ParOldGen: 1391290K->1326066K(1398272K)] 1624250K->1326066K(1864192K), [Metaspace: 2837K->2837K(1056768K)], 10.5212241 secs] [Times: user=84.02 sys=0.00, real=10.52 secs] 
2020-08-11T08:54:16.203+0000: 1764.553: [Full GC (Ergonomics) [PSYoungGen: 232960K->0K(465920K)] [ParOldGen: 1326066K->1324953K(1398272K)] 1559026K->1324953K(1864192K), [Metaspace: 2837K->2837K(1056768K)], 10.4851382 secs] [Times: user=83.77 sys=0.00, real=10.48 secs] 
2020-08-11T08:54:28.407+0000: 1776.756: [Full GC (Ergonomics) [PSYoungGen: 232960K->0K(465920K)] [ParOldGen: 1324953K->1354306K(1398272K)] 1557913K->1354306K(1864192K), [Metaspace: 2837K->2837K(1056768K)], 10.7706427 secs] [Times: user=86.04 sys=0.00, real=10.78 secs] 
2020-08-11T08:54:40.387+0000: 1788.737: [Full GC (Ergonomics) [PSYoungGen: 232960K->74751K(465920K)] [ParOldGen: 1354306K->1398152K(1398272K)] 1587266K->1472904K(1864192K), [Metaspace: 2837K->2837K(1056768K)], 11.7620744 secs] [Times: user=93.98 sys=0.00, real=11.77 secs] 
2020-08-11T08:54:53.368+0000: 1801.718: [Full GC (Ergonomics) [PSYoungGen: 232960K->76799K(465920K)] [ParOldGen: 1398152K->1398027K(1398272K)] 1631112K->1474827K(1864192K), [Metaspace: 2837K->2837K(1056768K)], 11.6022191 secs] [Times: user=92.70 sys=0.01, real=11.61 secs] 
2020-08-11T08:55:06.219+0000: 1814.569: [Full GC (Ergonomics) [PSYoungGen: 232960K->68095K(465920K)] [ParOldGen: 1398027K->1398007K(1398272K)] 1630987K->1466102K(1864192K), [Metaspace: 2837K->2837K(1056768K)], 11.7383635 secs] [Times: user=93.78 sys=0.00, real=11.74 secs] 
2020-08-11T08:55:19.280+0000: 1827.630: [Full GC (Ergonomics) [PSYoungGen: 232960K->73727K(465920K)] [ParOldGen: 1398007K->1398266K(1398272K)] 1630967K->1471994K(1864192K), [Metaspace: 2837K->2837K(1056768K)], 11.7052940 secs] [Times: user=93.50 sys=0.03, real=11.70 secs] 
2020-08-11T08:55:32.485+0000: 1840.835: [Full GC (Ergonomics) [PSYoungGen: 232960K->13311K(465920K)] [ParOldGen: 1398266K->1398000K(1398272K)] 1631226K->1411312K(1864192K), [Metaspace: 2837K->2837K(1056768K)], 11.2008500 secs] [Times: user=89.46 sys=0.01, real=11.20 secs] 
2020-08-11T08:55:45.285+0000: 1853.635: [Full GC (Ergonomics) [PSYoungGen: 232960K->68607K(465920K)] [ParOldGen: 1398000K->1398117K(1398272K)] 1630960K->1466724K(1864192K), [Metaspace: 2837K->2837K(1056768K)], 11.4536188 secs] [Times: user=91.51 sys=0.00, real=11.46 secs] 
2020-08-11T08:55:58.058+0000: 1866.408: [Full GC (Ergonomics) [PSYoungGen: 232960K->74239K(465920K)] [ParOldGen: 1398117K->1398194K(1398272K)] 1631077K->1472434K(1864192K), [Metaspace: 2837K->2837K(1056768K)], 11.7263060 secs] [Times: user=93.68 sys=0.00, real=11.72 secs] 
2020-08-11T08:56:11.154+0000: 1879.504: [Full GC (Ergonomics) [PSYoungGen: 232960K->57343K(465920K)] [ParOldGen: 1398194K->1397889K(1398272K)] 1631154K->1455233K(1864192K), [Metaspace: 2837K->2837K(1056768K)], 11.5164304 secs] [Times: user=92.03 sys=0.00, real=11.52 secs] 
2020-08-11T08:56:24.024+0000: 1892.374: [Full GC (Ergonomics) [PSYoungGen: 232960K->73727K(465920K)] [ParOldGen: 1397889K->1397972K(1398272K)] 1630849K->1471700K(1864192K), [Metaspace: 2837K->2837K(1056768K)], 11.6210689 secs] [Times: user=92.84 sys=0.01, real=11.62 secs] 
2020-08-11T08:56:37.024+0000: 1905.374: [Full GC (Ergonomics) [PSYoungGen: 232960K->50687K(465920K)] [ParOldGen: 1397972K->1397972K(1398272K)] 1630932K->1448660K(1864192K), [Metaspace: 2837K->2837K(1056768K)], 11.5009254 secs] [Times: user=91.90 sys=0.00, real=11.50 secs] 
2020-08-11T08:56:50.069+0000: 1918.419: [Full GC (Ergonomics) [PSYoungGen: 232960K->50687K(465920K)] [ParOldGen: 1397972K->1397924K(1398272K)] 1630932K->1448611K(1864192K), [Metaspace: 2837K->2837K(1056768K)], 11.4494178 secs] [Times: user=91.36 sys=0.04, real=11.45 secs] 
2020-08-11T08:57:03.425+0000: 1931.775: [Full GC (Ergonomics) [PSYoungGen: 232960K->0K(465920K)] [ParOldGen: 1397924K->1351286K(1398272K)] 1630884K->1351286K(1864192K), [Metaspace: 2837K->2837K(1056768K)], 10.7249829 secs] [Times: user=85.57 sys=0.01, real=10.73 secs] 
2020-08-11T08:57:15.916+0000: 1944.266: [Full GC (Ergonomics) [PSYoungGen: 232960K->0K(465920K)] [ParOldGen: 1351286K->1380608K(1398272K)] 1584246K->1380608K(1864192K), [Metaspace: 2837K->2837K(1056768K)], 10.9760214 secs] [Times: user=87.70 sys=0.00, real=10.98 secs] 
2020-08-11T08:57:28.226+0000: 1956.576: [Full GC (Ergonomics) [PSYoungGen: 232960K->53759K(465920K)] [ParOldGen: 1380608K->1398020K(1398272K)] 1613568K->1451780K(1864192K), [Metaspace: 2837K->2837K(1056768K)], 11.4945535 secs] [Times: user=91.84 sys=0.00, real=11.50 secs] 
2020-08-11T08:57:41.059+0000: 1969.409: [Full GC (Ergonomics) [PSYoungGen: 232960K->76287K(465920K)] [ParOldGen: 1398020K->1398053K(1398272K)] 1630980K->1474341K(1864192K), [Metaspace: 2837K->2837K(1056768K)], 11.7175795 secs] [Times: user=93.62 sys=0.01, real=11.72 secs] 
2020-08-11T08:57:54.043+0000: 1982.393: [Full GC (Ergonomics) [PSYoungGen: 232960K->71679K(465920K)] [ParOldGen: 1398053K->1398093K(1398272K)] 1631013K->1469772K(1864192K), [Metaspace: 2837K->2837K(1056768K)], 11.6789451 secs] [Times: user=93.32 sys=0.00, real=11.68 secs] 
2020-08-11T08:58:07.307+0000: 1995.657: [Full GC (Ergonomics) [PSYoungGen: 232960K->8703K(465920K)] [ParOldGen: 1398093K->1398159K(1398272K)] 1631053K->1406863K(1864192K), [Metaspace: 2837K->2837K(1056768K)], 11.1456863 secs] [Times: user=89.03 sys=0.01, real=11.15 secs] 
2020-08-11T08:58:19.979+0000: 2008.329: [Full GC (Ergonomics) [PSYoungGen: 232960K->76799K(465920K)] [ParOldGen: 1398159K->1398057K(1398272K)] 1631119K->1474856K(1864192K), [Metaspace: 2837K->2837K(1056768K)], 11.7291952 secs] [Times: user=93.72 sys=0.00, real=11.72 secs] 
2020-08-11T08:58:33.135+0000: 2021.485: [Full GC (Ergonomics) [PSYoungGen: 232960K->66559K(465920K)] [ParOldGen: 1398057K->1397809K(1398272K)] 1631017K->1464369K(1864192K), [Metaspace: 2837K->2837K(1056768K)], 11.5757313 secs] [Times: user=92.49 sys=0.00, real=11.58 secs] 
2020-08-11T08:58:46.107+0000: 2034.457: [Full GC (Ergonomics) [PSYoungGen: 232960K->61951K(465920K)] [ParOldGen: 1397809K->1397963K(1398272K)] 1630769K->1459914K(1864192K), [Metaspace: 2837K->2837K(1056768K)], 11.5839810 secs] [Times: user=92.54 sys=0.00, real=11.59 secs] 
2020-08-11T08:58:59.298+0000: 2047.648: [Full GC (Ergonomics) [PSYoungGen: 232960K->0K(465920K)] [ParOldGen: 1397963K->1389537K(1398272K)] 1630923K->1389537K(1864192K), [Metaspace: 2837K->2837K(1056768K)], 10.8745986 secs] [Times: user=86.85 sys=0.01, real=10.87 secs] 
2020-08-11T08:59:12.143+0000: 2060.493: [Full GC (Ergonomics) [PSYoungGen: 232960K->0K(465920K)] [ParOldGen: 1389537K->1396405K(1398272K)] 1622497K->1396405K(1864192K), [Metaspace: 2837K->2837K(1056768K)], 11.1017579 secs] [Times: user=88.70 sys=0.00, real=11.10 secs] 
2020-08-11T08:59:24.841+0000: 2073.190: [Full GC (Ergonomics) [PSYoungGen: 232960K->68095K(465920K)] [ParOldGen: 1396405K->1398027K(1398272K)] 1629365K->1466122K(1864192K), [Metaspace: 2837K->2837K(1056768K)], 11.6986632 secs] [Times: user=93.47 sys=0.01, real=11.70 secs] 
2020-08-11T08:59:37.768+0000: 2086.118: [Full GC (Ergonomics) [PSYoungGen: 232960K->73727K(465920K)] [ParOldGen: 1398027K->1398002K(1398272K)] 1630987K->1471729K(1864192K), [Metaspace: 2837K->2837K(1056768K)], 11.6011310 secs] [Times: user=92.70 sys=0.00, real=11.61 secs] 
2020-08-11T08:59:50.657+0000: 2099.007: [Full GC (Ergonomics) [PSYoungGen: 232960K->74751K(465920K)] [ParOldGen: 1398002K->1397966K(1398272K)] 1630962K->1472717K(1864192K), [Metaspace: 2837K->2837K(1056768K)], 11.6303972 secs] [Times: user=92.90 sys=0.00, real=11.63 secs] 
2020-08-11T09:00:03.595+0000: 2111.945: [Full GC (Ergonomics) [PSYoungGen: 232960K->75263K(465920K)] [ParOldGen: 1397966K->1397984K(1398272K)] 1630926K->1473247K(1864192K), [Metaspace: 2837K->2837K(1056768K)], 11.7559197 secs] [Times: user=93.93 sys=0.00, real=11.76 secs] 
2020-08-11T09:00:16.678+0000: 2125.028: [Full GC (Ergonomics) [PSYoungGen: 232960K->61439K(465920K)] [ParOldGen: 1397984K->1398204K(1398272K)] 1630944K->1459644K(1864192K), [Metaspace: 2837K->2837K(1056768K)], 11.5959148 secs] [Times: user=92.61 sys=0.00, real=11.59 secs] 
2020-08-11T09:00:29.524+0000: 2137.874: [Full GC (Ergonomics) [PSYoungGen: 232960K->75775K(465920K)] [ParOldGen: 1398204K->1397891K(1398272K)] 1631164K->1473667K(1864192K), [Metaspace: 2837K->2837K(1056768K)], 11.5974039 secs] [Times: user=92.67 sys=0.00, real=11.60 secs] 
2020-08-11T09:00:42.631+0000: 2150.981: [Full GC (Ergonomics) [PSYoungGen: 232960K->37375K(465920K)] [ParOldGen: 1397891K->1397918K(1398272K)] 1630851K->1435294K(1864192K), [Metaspace: 2837K->2837K(1056768K)], 11.3687355 secs] [Times: user=90.83 sys=0.01, real=11.37 secs] 
2020-08-11T09:00:55.581+0000: 2163.931: [Full GC (Ergonomics) [PSYoungGen: 232960K->42495K(465920K)] [ParOldGen: 1397918K->1398263K(1398272K)] 1630878K->1440759K(1864192K), [Metaspace: 2837K->2837K(1056768K)], 11.4779671 secs] [Times: user=91.72 sys=0.00, real=11.48 secs] 
2020-08-11T09:01:08.541+0000: 2176.891: [Full GC (Ergonomics) [PSYoungGen: 232960K->60927K(465920K)] [ParOldGen: 1398263K->1397977K(1398272K)] 1631223K->1458904K(1864192K), [Metaspace: 2837K->2837K(1056768K)], 11.6392221 secs] [Times: user=93.00 sys=0.00, real=11.64 secs] 
2020-08-11T09:01:21.515+0000: 2189.865: [Full GC (Ergonomics) [PSYoungGen: 232960K->76799K(465920K)] [ParOldGen: 1397977K->1398057K(1398272K)] 1630937K->1474857K(1864192K), [Metaspace: 2837K->2837K(1056768K)], 11.7315736 secs] [Times: user=93.74 sys=0.00, real=11.73 secs] 
2020-08-11T09:01:34.472+0000: 2202.822: [Full GC (Ergonomics) [PSYoungGen: 232960K->76287K(465920K)] [ParOldGen: 1398057K->1397981K(1398272K)] 1631017K->1474269K(1864192K), [Metaspace: 2837K->2837K(1056768K)], 11.6143793 secs] [Times: user=92.82 sys=0.00, real=11.61 secs] 
2020-08-11T09:01:47.364+0000: 2215.714: [Full GC (Ergonomics) [PSYoungGen: 232960K->74239K(465920K)] [ParOldGen: 1397981K->1397841K(1398272K)] 1630941K->1472081K(1864192K), [Metaspace: 2837K->2837K(1056768K)], 11.6958464 secs] [Times: user=93.45 sys=0.00, real=11.70 secs] 
Heap
 PSYoungGen      total 465920K, used 104024K [0x00000000d5580000, 0x0000000100000000, 0x0000000100000000)
  eden space 232960K, 44% used [0x00000000d5580000,0x00000000dbb161d0,0x00000000e3900000)
  from space 232960K, 0% used [0x00000000e3900000,0x00000000e3900000,0x00000000f1c80000)
  to   space 232960K, 0% used [0x00000000f1c80000,0x00000000f1c80000,0x0000000100000000)
 ParOldGen       total 1398272K, used 1397841K [0x0000000080000000, 0x00000000d5580000, 0x00000000d5580000)
  object space 1398272K, 99% used [0x0000000080000000,0x00000000d5514750,0x00000000d5580000)
 Metaspace       used 2844K, capacity 4496K, committed 4864K, reserved 1056768K
  class space    used 293K, capacity 388K, committed 512K, reserved 1048576K
