OpenJDK 64-Bit Server VM (25.265-b01) for linux-amd64 JRE (1.8.0_265-8u265-b01-0ubuntu2~20.04-b01), built on Aug  3 2020 01:16:56 by "buildd" with gcc 9.3.0
Memory: 4k page, physical 8124868k(6378508k free), swap 945416k(945416k free)
CommandLine flags: -XX:+ExitOnOutOfMemoryError -XX:InitialHeapSize=129997888 -XX:MaxHeapSize=2147483648 -XX:+PrintGC -XX:+PrintGCDateStamps -XX:+PrintGCDetails -XX:+PrintGCTimeStamps -XX:+UseCompressedClassPointers -XX:+UseCompressedOops -XX:+UseParallelOldGC 
2020-08-11T17:31:58.468+0000: 0.298: [GC (Allocation Failure) [PSYoungGen: 31744K->5104K(36864K)] 31744K->28344K(121856K), 0.1895051 secs] [Times: user=1.49 sys=0.00, real=0.19 secs] 
2020-08-11T17:31:58.833+0000: 0.663: [GC (Allocation Failure) [PSYoungGen: 36848K->5120K(68608K)] 60088K->57704K(153600K), 0.2361255 secs] [Times: user=1.83 sys=0.04, real=0.24 secs] 
2020-08-11T17:31:59.486+0000: 1.316: [GC (Allocation Failure) [PSYoungGen: 68608K->5104K(68608K)] 121192K->114552K(178176K), 0.4291656 secs] [Times: user=3.40 sys=0.02, real=0.43 secs] 
2020-08-11T17:31:59.916+0000: 1.746: [Full GC (Ergonomics) [PSYoungGen: 5104K->0K(68608K)] [ParOldGen: 109448K->61761K(164864K)] 114552K->61761K(233472K), [Metaspace: 2783K->2783K(1056768K)], 0.6161352 secs] [Times: user=4.83 sys=0.05, real=0.61 secs] 
2020-08-11T17:32:01.242+0000: 3.072: [GC (Allocation Failure) [PSYoungGen: 63488K->4768K(105984K)] 125249K->66529K(270848K), 0.0271617 secs] [Times: user=0.20 sys=0.01, real=0.03 secs] 
2020-08-11T17:32:02.015+0000: 3.846: [GC (Allocation Failure) [PSYoungGen: 105632K->1280K(132096K)] 167393K->63041K(296960K), 0.0078819 secs] [Times: user=0.05 sys=0.00, real=0.00 secs] 
2020-08-11T17:32:02.932+0000: 4.762: [GC (Allocation Failure) [PSYoungGen: 128256K->160K(226304K)] 190017K->61921K(391168K), 0.0021723 secs] [Times: user=0.01 sys=0.00, real=0.01 secs] 
2020-08-11T17:32:04.035+0000: 5.865: [GC (Allocation Failure) [PSYoungGen: 154784K->2688K(225280K)] 216545K->64449K(390144K), 0.0141804 secs] [Times: user=0.09 sys=0.01, real=0.01 secs] 
2020-08-11T17:32:05.156+0000: 6.987: [GC (Allocation Failure) [PSYoungGen: 157312K->1504K(258560K)] 219073K->63265K(423424K), 0.0082278 secs] [Times: user=0.05 sys=0.00, real=0.00 secs] 
2020-08-11T17:32:06.614+0000: 8.444: [GC (Allocation Failure) [PSYoungGen: 205792K->224K(270336K)] 267553K->61985K(435200K), 0.0020323 secs] [Times: user=0.01 sys=0.00, real=0.00 secs] 
2020-08-11T17:32:08.008+0000: 9.838: [GC (Allocation Failure) [PSYoungGen: 204512K->18432K(289792K)] 266273K->80193K(454656K), 0.1030398 secs] [Times: user=0.78 sys=0.01, real=0.10 secs] 
2020-08-11T17:32:09.810+0000: 11.640: [GC (Allocation Failure) [PSYoungGen: 253440K->128K(294912K)] 315201K->61889K(459776K), 0.0018422 secs] [Times: user=0.00 sys=0.00, real=0.00 secs] 
2020-08-11T17:32:11.266+0000: 13.096: [GC (Allocation Failure) [PSYoungGen: 235136K->192K(305664K)] 296897K->61953K(470528K), 0.0016476 secs] [Times: user=0.00 sys=0.00, real=0.00 secs] 
2020-08-11T17:32:12.888+0000: 14.718: [GC (Allocation Failure) [PSYoungGen: 257728K->160K(313856K)] 319489K->61921K(478720K), 0.0013499 secs] [Times: user=0.00 sys=0.00, real=0.00 secs] 
2020-08-11T17:32:14.610+0000: 16.440: [GC (Allocation Failure) [PSYoungGen: 257696K->9408K(322560K)] 319457K->71169K(487424K), 0.0549751 secs] [Times: user=0.42 sys=0.00, real=0.05 secs] 
2020-08-11T17:32:16.325+0000: 18.155: [GC (Allocation Failure) [PSYoungGen: 285888K->128K(326656K)] 347649K->61889K(491520K), 0.0012351 secs] [Times: user=0.00 sys=0.00, real=0.01 secs] 
2020-08-11T17:32:18.026+0000: 19.857: [GC (Allocation Failure) [PSYoungGen: 276608K->160K(329216K)] 338369K->61921K(494080K), 0.0015214 secs] [Times: user=0.00 sys=0.00, real=0.00 secs] 
2020-08-11T17:32:19.926+0000: 21.756: [GC (Allocation Failure) [PSYoungGen: 288928K->192K(334848K)] 350689K->61953K(499712K), 0.0013521 secs] [Times: user=0.00 sys=0.00, real=0.00 secs] 
2020-08-11T17:32:21.754+0000: 23.585: [GC (Allocation Failure) [PSYoungGen: 288960K->160K(331264K)] 350721K->61921K(496128K), 0.0016090 secs] [Times: user=0.00 sys=0.00, real=0.00 secs] 
2020-08-11T17:32:23.353+0000: 25.183: [GC (Allocation Failure) [PSYoungGen: 294048K->41472K(335360K)] 355809K->181729K(500224K), 0.7878266 secs] [Times: user=6.27 sys=0.00, real=0.79 secs] 
2020-08-11T17:32:24.141+0000: 25.971: [Full GC (Ergonomics) [PSYoungGen: 41472K->0K(335360K)] [ParOldGen: 140257K->119951K(243200K)] 181729K->119951K(578560K), [Metaspace: 2837K->2837K(1056768K)], 1.1437404 secs] [Times: user=8.97 sys=0.13, real=1.14 secs] 
2020-08-11T17:32:27.382+0000: 29.212: [GC (Allocation Failure) [PSYoungGen: 293888K->64K(407040K)] 413839K->120015K(650240K), 0.0017005 secs] [Times: user=0.00 sys=0.01, real=0.00 secs] 
2020-08-11T17:32:29.166+0000: 30.996: [GC (Allocation Failure) [PSYoungGen: 327744K->448K(404480K)] 447695K->120399K(647680K), 0.0028822 secs] [Times: user=0.02 sys=0.00, real=0.00 secs] 
2020-08-11T17:32:31.061+0000: 32.892: [GC (Allocation Failure) [PSYoungGen: 328128K->64K(415232K)] 448079K->120015K(658432K), 0.0013779 secs] [Times: user=0.00 sys=0.00, real=0.00 secs] 
2020-08-11T17:32:33.055+0000: 34.885: [GC (Allocation Failure) [PSYoungGen: 354368K->32K(424960K)] 474319K->119983K(668160K), 0.0015826 secs] [Times: user=0.01 sys=0.00, real=0.00 secs] 
2020-08-11T17:32:34.843+0000: 36.674: [GC (Allocation Failure) [PSYoungGen: 354336K->67072K(382464K)] 474287K->314271K(629760K), 1.2853104 secs] [Times: user=10.19 sys=0.06, real=1.29 secs] 
2020-08-11T17:32:36.129+0000: 37.959: [Full GC (Ergonomics) [PSYoungGen: 67072K->0K(382464K)] [ParOldGen: 247199K->194166K(376832K)] 314271K->194166K(759296K), [Metaspace: 2837K->2837K(1056768K)], 1.9420337 secs] [Times: user=15.11 sys=0.39, real=1.94 secs] 
2020-08-11T17:32:39.905+0000: 41.735: [GC (Allocation Failure) [PSYoungGen: 315392K->129024K(444416K)] 509558K->502862K(821248K), 2.0129834 secs] [Times: user=16.04 sys=0.03, real=2.02 secs] 
2020-08-11T17:32:41.918+0000: 43.748: [Full GC (Ergonomics) [PSYoungGen: 129024K->0K(444416K)] [ParOldGen: 373838K->308342K(574464K)] 502862K->308342K(1018880K), [Metaspace: 2837K->2837K(1056768K)], 2.9407978 secs] [Times: user=22.95 sys=0.53, real=2.94 secs] 
2020-08-11T17:32:46.500+0000: 48.331: [GC (Allocation Failure) [PSYoungGen: 315392K->222208K(455168K)] 623734K->622862K(1029632K), 1.9413514 secs] [Times: user=15.46 sys=0.05, real=1.94 secs] 
2020-08-11T17:32:51.708+0000: 53.538: [GC (Allocation Failure) [PSYoungGen: 455168K->64K(465920K)] 855822K->400718K(1040384K), 0.0027588 secs] [Times: user=0.02 sys=0.00, real=0.00 secs] 
2020-08-11T17:32:53.105+0000: 54.935: [GC (Allocation Failure) [PSYoungGen: 233024K->78304K(465920K)] 633678K->478958K(1040384K), 0.4559953 secs] [Times: user=3.64 sys=0.00, real=0.46 secs] 
2020-08-11T17:32:54.757+0000: 56.588: [GC (Allocation Failure) [PSYoungGen: 311264K->195840K(465920K)] 711918K->596494K(1040384K), 1.1367825 secs] [Times: user=9.07 sys=0.00, real=1.14 secs] 
2020-08-11T17:32:57.118+0000: 58.949: [GC (Allocation Failure) [PSYoungGen: 428800K->232960K(465920K)] 829454K->698382K(1040384K), 1.8069124 secs] [Times: user=14.43 sys=0.00, real=1.80 secs] 
2020-08-11T17:32:58.926+0000: 60.756: [Full GC (Ergonomics) [PSYoungGen: 232960K->0K(465920K)] [ParOldGen: 465422K->297848K(584704K)] 698382K->297848K(1050624K), [Metaspace: 2837K->2837K(1056768K)], 2.9856644 secs] [Times: user=22.99 sys=0.83, real=2.99 secs] 
2020-08-11T17:33:04.408+0000: 66.238: [GC (Allocation Failure) [PSYoungGen: 232960K->64K(465920K)] 530808K->297912K(1050624K), 0.0013137 secs] [Times: user=0.00 sys=0.00, real=0.00 secs] 
2020-08-11T17:33:05.376+0000: 67.206: [GC (Allocation Failure) [PSYoungGen: 233024K->184608K(465920K)] 530872K->482456K(1050624K), 1.0706003 secs] [Times: user=8.55 sys=0.00, real=1.07 secs] 
2020-08-11T17:33:07.694+0000: 69.524: [GC (Allocation Failure) [PSYoungGen: 417568K->232960K(465920K)] 715416K->581880K(1050624K), 1.7091344 secs] [Times: user=13.66 sys=0.00, real=1.70 secs] 
2020-08-11T17:33:10.355+0000: 72.185: [GC (Allocation Failure) [PSYoungGen: 465920K->232960K(465920K)] 814840K->773152K(1050624K), 2.1567595 secs] [Times: user=17.23 sys=0.00, real=2.15 secs] 
2020-08-11T17:33:12.512+0000: 74.342: [Full GC (Ergonomics) [PSYoungGen: 232960K->0K(465920K)] [ParOldGen: 540192K->474643K(821760K)] 773152K->474643K(1287680K), [Metaspace: 2837K->2837K(1056768K)], 4.2898028 secs] [Times: user=34.22 sys=0.04, real=4.29 secs] 
2020-08-11T17:33:17.880+0000: 79.711: [GC (Allocation Failure) [PSYoungGen: 232960K->232960K(465920K)] 707603K->707803K(1287680K), 1.3619888 secs] [Times: user=10.88 sys=0.00, real=1.36 secs] 
2020-08-11T17:33:23.019+0000: 84.850: [GC (Allocation Failure) [PSYoungGen: 465920K->76480K(465920K)] 940763K->551323K(1287680K), 0.4461509 secs] [Times: user=3.56 sys=0.00, real=0.45 secs] 
2020-08-11T17:33:24.515+0000: 86.346: [GC (Allocation Failure) [PSYoungGen: 309440K->232960K(465920K)] 784283K->726635K(1287680K), 1.4823548 secs] [Times: user=11.85 sys=0.00, real=1.48 secs] 
2020-08-11T17:33:28.282+0000: 90.113: [GC (Allocation Failure) [PSYoungGen: 465920K->96K(465920K)] 959595K->493771K(1287680K), 0.0016952 secs] [Times: user=0.01 sys=0.00, real=0.00 secs] 
2020-08-11T17:33:29.639+0000: 91.469: [GC (Allocation Failure) [PSYoungGen: 233056K->64K(465920K)] 726731K->493739K(1287680K), 0.0033437 secs] [Times: user=0.02 sys=0.00, real=0.00 secs] 
2020-08-11T17:33:31.023+0000: 92.853: [GC (Allocation Failure) [PSYoungGen: 233024K->352K(465920K)] 726699K->494027K(1287680K), 0.0023816 secs] [Times: user=0.01 sys=0.00, real=0.00 secs] 
2020-08-11T17:33:32.544+0000: 94.374: [GC (Allocation Failure) [PSYoungGen: 233312K->96K(465920K)] 726987K->493771K(1287680K), 0.0017005 secs] [Times: user=0.01 sys=0.00, real=0.00 secs] 
2020-08-11T17:33:34.190+0000: 96.021: [GC (Allocation Failure) [PSYoungGen: 233056K->64K(465920K)] 726731K->493739K(1287680K), 0.0022945 secs] [Times: user=0.01 sys=0.00, real=0.00 secs] 
2020-08-11T17:33:35.482+0000: 97.312: [GC (Allocation Failure) [PSYoungGen: 233024K->32K(465920K)] 726699K->493707K(1287680K), 0.0018530 secs] [Times: user=0.01 sys=0.00, real=0.00 secs] 
2020-08-11T17:33:36.853+0000: 98.683: [GC (Allocation Failure) [PSYoungGen: 232992K->32K(465920K)] 726667K->493707K(1287680K), 0.0017904 secs] [Times: user=0.01 sys=0.00, real=0.01 secs] 
2020-08-11T17:33:38.239+0000: 100.069: [GC (Allocation Failure) [PSYoungGen: 232992K->96K(465920K)] 726667K->493771K(1287680K), 0.0015869 secs] [Times: user=0.01 sys=0.00, real=0.00 secs] 
2020-08-11T17:33:39.525+0000: 101.355: [GC (Allocation Failure) [PSYoungGen: 233056K->704K(465920K)] 726731K->494379K(1287680K), 0.0040070 secs] [Times: user=0.02 sys=0.00, real=0.01 secs] 
2020-08-11T17:33:40.906+0000: 102.737: [GC (Allocation Failure) [PSYoungGen: 233664K->352K(465920K)] 727339K->494027K(1287680K), 0.0017927 secs] [Times: user=0.01 sys=0.00, real=0.00 secs] 
2020-08-11T17:33:42.539+0000: 104.370: [GC (Allocation Failure) [PSYoungGen: 233312K->123392K(465920K)] 726987K->617067K(1287680K), 0.7157504 secs] [Times: user=5.72 sys=0.00, real=0.72 secs] 
2020-08-11T17:33:44.902+0000: 106.732: [GC (Allocation Failure) [PSYoungGen: 356352K->94784K(465920K)] 850027K->588459K(1287680K), 0.5502858 secs] [Times: user=4.39 sys=0.00, real=0.55 secs] 
2020-08-11T17:33:46.757+0000: 108.588: [GC (Allocation Failure) [PSYoungGen: 327744K->232960K(465920K)] 821419K->742691K(1287680K), 1.4694180 secs] [Times: user=11.73 sys=0.00, real=1.47 secs] 
2020-08-11T17:33:50.521+0000: 112.352: [GC (Allocation Failure) [PSYoungGen: 465920K->21152K(465920K)] 975651K->530883K(1287680K), 0.1235195 secs] [Times: user=0.98 sys=0.00, real=0.12 secs] 
2020-08-11T17:33:51.692+0000: 113.522: [GC (Allocation Failure) [PSYoungGen: 254112K->194912K(465920K)] 763843K->704643K(1287680K), 1.1366640 secs] [Times: user=9.08 sys=0.00, real=1.14 secs] 
2020-08-11T17:33:53.889+0000: 115.719: [GC (Allocation Failure) [PSYoungGen: 427872K->232960K(465920K)] 937603K->858227K(1287680K), 2.2026531 secs] [Times: user=17.57 sys=0.04, real=2.20 secs] 
2020-08-11T17:33:58.556+0000: 120.386: [GC (Allocation Failure) [PSYoungGen: 465920K->14400K(465920K)] 1091187K->639667K(1287680K), 0.0835421 secs] [Times: user=0.66 sys=0.00, real=0.08 secs] 
2020-08-11T17:34:00.105+0000: 121.935: [GC (Allocation Failure) [PSYoungGen: 247360K->96K(465920K)] 872627K->625363K(1287680K), 0.0018041 secs] [Times: user=0.01 sys=0.00, real=0.01 secs] 
2020-08-11T17:34:01.470+0000: 123.301: [GC (Allocation Failure) [PSYoungGen: 233056K->96K(465920K)] 858323K->625363K(1287680K), 0.0018262 secs] [Times: user=0.01 sys=0.00, real=0.00 secs] 
2020-08-11T17:34:02.842+0000: 124.673: [GC (Allocation Failure) [PSYoungGen: 233056K->64K(465920K)] 858323K->625331K(1287680K), 0.0019020 secs] [Times: user=0.01 sys=0.00, real=0.00 secs] 
2020-08-11T17:34:04.165+0000: 125.995: [GC (Allocation Failure) [PSYoungGen: 233024K->103296K(465920K)] 858291K->728563K(1287680K), 0.6057889 secs] [Times: user=4.84 sys=0.00, real=0.61 secs] 
2020-08-11T17:34:06.578+0000: 128.408: [GC (Allocation Failure) [PSYoungGen: 336256K->64K(465920K)] 961523K->625331K(1287680K), 0.0018749 secs] [Times: user=0.01 sys=0.00, real=0.00 secs] 
2020-08-11T17:34:07.967+0000: 129.798: [GC (Allocation Failure) [PSYoungGen: 233024K->64K(465920K)] 858291K->625331K(1287680K), 0.0017838 secs] [Times: user=0.01 sys=0.00, real=0.00 secs] 
2020-08-11T17:34:09.319+0000: 131.150: [GC (Allocation Failure) [PSYoungGen: 233024K->96K(465920K)] 858291K->625363K(1287680K), 0.0018299 secs] [Times: user=0.01 sys=0.00, real=0.00 secs] 
2020-08-11T17:34:10.625+0000: 132.455: [GC (Allocation Failure) [PSYoungGen: 233056K->89376K(465920K)] 858323K->714643K(1287680K), 0.5195035 secs] [Times: user=4.15 sys=0.00, real=0.52 secs] 
2020-08-11T17:34:12.121+0000: 133.951: [GC (Allocation Failure) [PSYoungGen: 322336K->232960K(465920K)] 947603K->902531K(1287680K), 1.6882941 secs] [Times: user=13.49 sys=0.00, real=1.69 secs] 
2020-08-11T17:34:15.704+0000: 137.535: [GC (Allocation Failure) [PSYoungGen: 465920K->232960K(465920K)] 1135491K->903907K(1287680K), 1.3643898 secs] [Times: user=10.90 sys=0.00, real=1.37 secs] 
2020-08-11T17:34:18.397+0000: 140.227: [GC (Allocation Failure) [PSYoungGen: 465920K->232960K(465920K)] 1136867K->1047635K(1287680K), 2.1763379 secs] [Times: user=17.36 sys=0.03, real=2.18 secs] 
2020-08-11T17:34:20.574+0000: 142.404: [Full GC (Ergonomics) [PSYoungGen: 232960K->0K(465920K)] [ParOldGen: 814675K->376666K(724480K)] 1047635K->376666K(1190400K), [Metaspace: 2837K->2837K(1056768K)], 3.4105333 secs] [Times: user=26.58 sys=0.61, real=3.40 secs] 
2020-08-11T17:34:25.245+0000: 147.076: [GC (Allocation Failure) [PSYoungGen: 232960K->232960K(465920K)] 609626K->609834K(1190400K), 1.3555959 secs] [Times: user=10.83 sys=0.00, real=1.36 secs] 
2020-08-11T17:34:27.883+0000: 149.713: [GC (Allocation Failure) [PSYoungGen: 465920K->232960K(465920K)] 842794K->843586K(1190400K), 2.0027041 secs] [Times: user=16.01 sys=0.00, real=2.01 secs] 
2020-08-11T17:34:29.886+0000: 151.716: [Full GC (Ergonomics) [PSYoungGen: 232960K->0K(465920K)] [ParOldGen: 610626K->652195K(1076224K)] 843586K->652195K(1542144K), [Metaspace: 2837K->2837K(1056768K)], 5.7367683 secs] [Times: user=45.82 sys=0.00, real=5.73 secs] 
2020-08-11T17:34:37.013+0000: 158.844: [GC (Allocation Failure) [PSYoungGen: 232960K->232960K(465920K)] 885155K->885363K(1542144K), 1.3416064 secs] [Times: user=10.72 sys=0.00, real=1.35 secs] 
2020-08-11T17:34:39.643+0000: 161.473: [GC (Allocation Failure) [PSYoungGen: 465920K->232960K(465920K)] 1118323K->1119123K(1542144K), 2.0191439 secs] [Times: user=16.11 sys=0.03, real=2.02 secs] 
2020-08-11T17:34:41.662+0000: 163.493: [Full GC (Ergonomics) [PSYoungGen: 232960K->0K(465920K)] [ParOldGen: 886163K->827421K(1318400K)] 1119123K->827421K(1784320K), [Metaspace: 2837K->2837K(1056768K)], 7.2257801 secs] [Times: user=57.47 sys=0.26, real=7.23 secs] 
2020-08-11T17:34:49.971+0000: 171.802: [GC (Allocation Failure) [PSYoungGen: 232960K->232960K(465920K)] 1060381K->1060597K(1784320K), 1.3543420 secs] [Times: user=10.82 sys=0.00, real=1.36 secs] 
2020-08-11T17:34:52.653+0000: 174.483: [GC (Allocation Failure) [PSYoungGen: 465920K->232960K(465920K)] 1293557K->1294373K(1784320K), 2.0344576 secs] [Times: user=16.20 sys=0.07, real=2.04 secs] 
2020-08-11T17:34:54.688+0000: 176.518: [Full GC (Ergonomics) [PSYoungGen: 232960K->0K(465920K)] [ParOldGen: 1061413K->1096244K(1398272K)] 1294373K->1096244K(1864192K), [Metaspace: 2837K->2837K(1056768K)], 9.2661610 secs] [Times: user=73.91 sys=0.11, real=9.27 secs] 
2020-08-11T17:35:05.019+0000: 186.849: [GC (Allocation Failure) [PSYoungGen: 232960K->232960K(465920K)] 1329204K->1329404K(1864192K), 1.3605479 secs] [Times: user=10.87 sys=0.00, real=1.36 secs] 
2020-08-11T17:35:07.797+0000: 189.627: [GC (Allocation Failure) [PSYoungGen: 465920K->232960K(465920K)] 1562364K->1563164K(1864192K), 2.0326779 secs] [Times: user=16.19 sys=0.06, real=2.03 secs] 
2020-08-11T17:35:09.830+0000: 191.661: [Full GC (Ergonomics) [PSYoungGen: 232960K->0K(465920K)] [ParOldGen: 1330204K->1371565K(1398272K)] 1563164K->1371565K(1864192K), [Metaspace: 2837K->2837K(1056768K)], 11.5901709 secs] [Times: user=91.77 sys=0.81, real=11.59 secs] 
2020-08-11T17:35:23.765+0000: 205.595: [Full GC (Ergonomics) [PSYoungGen: 232960K->0K(465920K)] [ParOldGen: 1371565K->1156454K(1398272K)] 1604525K->1156454K(1864192K), [Metaspace: 2837K->2837K(1056768K)], 9.3238626 secs] [Times: user=73.69 sys=0.78, real=9.33 secs] 
2020-08-11T17:35:34.299+0000: 216.130: [GC (Allocation Failure) [PSYoungGen: 232960K->232960K(465920K)] 1389414K->1389606K(1864192K), 1.3604011 secs] [Times: user=10.87 sys=0.00, real=1.36 secs] 
2020-08-11T17:35:35.660+0000: 217.491: [Full GC (Ergonomics) [PSYoungGen: 232960K->0K(465920K)] [ParOldGen: 1156646K->1272181K(1398272K)] 1389606K->1272181K(1864192K), [Metaspace: 2837K->2837K(1056768K)], 10.4863017 secs] [Times: user=83.80 sys=0.00, real=10.49 secs] 
2020-08-11T17:35:48.488+0000: 230.318: [Full GC (Ergonomics) [PSYoungGen: 232960K->0K(465920K)] [ParOldGen: 1272181K->1060052K(1398272K)] 1505141K->1060052K(1864192K), [Metaspace: 2837K->2837K(1056768K)], 8.5166974 secs] [Times: user=68.03 sys=0.00, real=8.51 secs] 
2020-08-11T17:35:58.116+0000: 239.947: [GC (Allocation Failure) [PSYoungGen: 232960K->232960K(465920K)] 1293012K->1293212K(1864192K), 1.3676077 secs] [Times: user=10.93 sys=0.00, real=1.36 secs] 
2020-08-11T17:36:00.660+0000: 242.490: [GC (Allocation Failure) [PSYoungGen: 465920K->232960K(465920K)] 1526172K->1526964K(1864192K), 2.0133721 secs] [Times: user=16.09 sys=0.00, real=2.01 secs] 
2020-08-11T17:36:02.674+0000: 244.504: [Full GC (Ergonomics) [PSYoungGen: 232960K->0K(465920K)] [ParOldGen: 1294004K->1324965K(1398272K)] 1526964K->1324965K(1864192K), [Metaspace: 2837K->2837K(1056768K)], 11.0157862 secs] [Times: user=88.02 sys=0.00, real=11.01 secs] 
2020-08-11T17:36:15.959+0000: 257.789: [Full GC (Ergonomics) [PSYoungGen: 232960K->0K(465920K)] [ParOldGen: 1324965K->1117532K(1398272K)] 1557925K->1117532K(1864192K), [Metaspace: 2837K->2837K(1056768K)], 9.0265664 secs] [Times: user=72.09 sys=0.00, real=9.03 secs] 
2020-08-11T17:36:26.097+0000: 267.927: [GC (Allocation Failure) [PSYoungGen: 232960K->232960K(465920K)] 1350492K->1350700K(1864192K), 1.3516378 secs] [Times: user=10.80 sys=0.00, real=1.35 secs] 
2020-08-11T17:36:27.449+0000: 269.279: [Full GC (Ergonomics) [PSYoungGen: 232960K->0K(465920K)] [ParOldGen: 1117740K->1258816K(1398272K)] 1350700K->1258816K(1864192K), [Metaspace: 2837K->2837K(1056768K)], 10.3375247 secs] [Times: user=82.61 sys=0.00, real=10.34 secs] 
2020-08-11T17:36:39.028+0000: 280.858: [Full GC (Ergonomics) [PSYoungGen: 232960K->15359K(465920K)] [ParOldGen: 1258816K->1398228K(1398272K)] 1491776K->1413588K(1864192K), [Metaspace: 2837K->2837K(1056768K)], 11.2271479 secs] [Times: user=89.70 sys=0.00, real=11.23 secs] 
2020-08-11T17:36:53.055+0000: 294.885: [Full GC (Ergonomics) [PSYoungGen: 232960K->0K(465920K)] [ParOldGen: 1398228K->1014153K(1398272K)] 1631188K->1014153K(1864192K), [Metaspace: 2837K->2837K(1056768K)], 8.0612267 secs] [Times: user=64.37 sys=0.00, real=8.06 secs] 
2020-08-11T17:37:02.108+0000: 303.938: [GC (Allocation Failure) [PSYoungGen: 232960K->232960K(465920K)] 1247113K->1247305K(1864192K), 1.3588986 secs] [Times: user=10.84 sys=0.02, real=1.36 secs] 
2020-08-11T17:37:08.418+0000: 310.248: [GC (Allocation Failure) [PSYoungGen: 465920K->212512K(465920K)] 1480265K->1226857K(1864192K), 1.2206858 secs] [Times: user=9.75 sys=0.00, real=1.22 secs] 
2020-08-11T17:37:11.938+0000: 313.768: [GC (Allocation Failure) [PSYoungGen: 445472K->10976K(465920K)] 1459817K->1025321K(1864192K), 0.0650042 secs] [Times: user=0.51 sys=0.01, real=0.06 secs] 
2020-08-11T17:37:13.666+0000: 315.496: [GC (Allocation Failure) [PSYoungGen: 243936K->11200K(465920K)] 1258281K->1025545K(1864192K), 0.0665972 secs] [Times: user=0.52 sys=0.00, real=0.07 secs] 
2020-08-11T17:37:15.131+0000: 316.961: [GC (Allocation Failure) [PSYoungGen: 244160K->149216K(465920K)] 1258505K->1163561K(1864192K), 0.8694988 secs] [Times: user=6.94 sys=0.00, real=0.87 secs] 
2020-08-11T17:37:18.049+0000: 319.880: [GC (Allocation Failure) [PSYoungGen: 382176K->96K(465920K)] 1396521K->1014441K(1864192K), 0.0023816 secs] [Times: user=0.01 sys=0.00, real=0.00 secs] 
2020-08-11T17:37:19.471+0000: 321.301: [GC (Allocation Failure) [PSYoungGen: 233056K->96K(465920K)] 1247401K->1014441K(1864192K), 0.0021827 secs] [Times: user=0.02 sys=0.00, real=0.00 secs] 
2020-08-11T17:37:20.840+0000: 322.671: [GC (Allocation Failure) [PSYoungGen: 233056K->28608K(465920K)] 1247401K->1042953K(1864192K), 0.1689410 secs] [Times: user=1.34 sys=0.00, real=0.17 secs] 
2020-08-11T17:37:22.517+0000: 324.347: [GC (Allocation Failure) [PSYoungGen: 261568K->21920K(465920K)] 1275913K->1036265K(1864192K), 0.1284758 secs] [Times: user=1.02 sys=0.00, real=0.12 secs] 
2020-08-11T17:37:23.715+0000: 325.545: [GC (Allocation Failure) [PSYoungGen: 254880K->175136K(465920K)] 1269225K->1189481K(1864192K), 1.0201258 secs] [Times: user=8.15 sys=0.00, real=1.02 secs] 
2020-08-11T17:37:26.659+0000: 328.490: [GC (Allocation Failure) [PSYoungGen: 408096K->149344K(465920K)] 1422441K->1163689K(1864192K), 0.8721119 secs] [Times: user=6.97 sys=0.00, real=0.87 secs] 
2020-08-11T17:37:28.767+0000: 330.598: [GC (Allocation Failure) [PSYoungGen: 382304K->232960K(465920K)] 1396649K->1270705K(1864192K), 1.5291055 secs] [Times: user=12.21 sys=0.00, real=1.53 secs] 
2020-08-11T17:37:31.643+0000: 333.473: [GC (Allocation Failure) [PSYoungGen: 465920K->232960K(465920K)] 1503665K->1386601K(1864192K), 2.1785350 secs] [Times: user=17.40 sys=0.00, real=2.18 secs] 
2020-08-11T17:37:33.822+0000: 335.652: [Full GC (Ergonomics) [PSYoungGen: 232960K->0K(465920K)] [ParOldGen: 1153641K->348814K(1164800K)] 1386601K->348814K(1630720K), [Metaspace: 2837K->2837K(1056768K)], 3.1427793 secs] [Times: user=25.03 sys=0.00, real=3.14 secs] 
2020-08-11T17:37:38.265+0000: 340.095: [GC (Allocation Failure) [PSYoungGen: 232960K->232960K(465920K)] 581774K->581966K(1630720K), 1.3588313 secs] [Times: user=10.86 sys=0.00, real=1.36 secs] 
2020-08-11T17:37:40.689+0000: 342.519: [GC (Allocation Failure) [PSYoungGen: 465920K->232960K(465920K)] 814926K->815726K(1630720K), 2.0188084 secs] [Times: user=16.14 sys=0.00, real=2.02 secs] 
2020-08-11T17:37:43.926+0000: 345.756: [GC (Allocation Failure) [PSYoungGen: 465920K->232960K(465920K)] 1048686K->1049462K(1630720K), 2.6690208 secs] [Times: user=21.34 sys=0.00, real=2.68 secs] 
2020-08-11T17:37:47.756+0000: 349.587: [GC (Allocation Failure) [PSYoungGen: 465920K->232960K(465920K)] 1282422K->1283198K(1630720K), 2.9592043 secs] [Times: user=23.65 sys=0.00, real=2.96 secs] 
2020-08-11T17:37:50.716+0000: 352.546: [Full GC (Ergonomics) [PSYoungGen: 232960K->0K(465920K)] [ParOldGen: 1050238K->1014375K(1398272K)] 1283198K->1014375K(1864192K), [Metaspace: 2837K->2837K(1056768K)], 9.0945609 secs] [Times: user=72.67 sys=0.00, real=9.09 secs] 
2020-08-11T17:38:01.112+0000: 362.942: [GC (Allocation Failure) [PSYoungGen: 232960K->232960K(465920K)] 1247335K->1247527K(1864192K), 1.3611100 secs] [Times: user=10.88 sys=0.00, real=1.36 secs] 
2020-08-11T17:38:04.174+0000: 366.005: [GC (Allocation Failure) [PSYoungGen: 465920K->232960K(465920K)] 1480487K->1481279K(1864192K), 2.0151337 secs] [Times: user=16.08 sys=0.03, real=2.01 secs] 
2020-08-11T17:38:06.190+0000: 368.020: [Full GC (Ergonomics) [PSYoungGen: 232960K->0K(465920K)] [ParOldGen: 1248319K->1288874K(1398272K)] 1481279K->1288874K(1864192K), [Metaspace: 2837K->2837K(1056768K)], 10.8825256 secs] [Times: user=86.95 sys=0.00, real=10.88 secs] 
2020-08-11T17:38:18.498+0000: 380.329: [Full GC (Ergonomics) [PSYoungGen: 232960K->20479K(465920K)] [ParOldGen: 1288874K->1397794K(1398272K)] 1521834K->1418274K(1864192K), [Metaspace: 2837K->2837K(1056768K)], 11.3076336 secs] [Times: user=90.34 sys=0.02, real=11.31 secs] 
2020-08-11T17:38:31.173+0000: 393.004: [Full GC (Ergonomics) [PSYoungGen: 232960K->63999K(465920K)] [ParOldGen: 1397794K->1398028K(1398272K)] 1630754K->1462028K(1864192K), [Metaspace: 2837K->2837K(1056768K)], 11.6676006 secs] [Times: user=93.13 sys=0.00, real=11.67 secs] 
2020-08-11T17:38:45.256+0000: 407.086: [Full GC (Ergonomics) [PSYoungGen: 232960K->0K(465920K)] [ParOldGen: 1398028K->1084588K(1398272K)] 1630988K->1084588K(1864192K), [Metaspace: 2837K->2837K(1056768K)], 8.6753066 secs] [Times: user=69.21 sys=0.00, real=8.67 secs] 
2020-08-11T17:38:57.298+0000: 419.129: [GC (Allocation Failure) [PSYoungGen: 232960K->232960K(465920K)] 1317548K->1317740K(1864192K), 1.3538410 secs] [Times: user=10.81 sys=0.00, real=1.35 secs] 
2020-08-11T17:38:58.653+0000: 420.483: [Full GC (Ergonomics) [PSYoungGen: 232960K->0K(465920K)] [ParOldGen: 1084780K->573205K(1398272K)] 1317740K->573205K(1864192K), [Metaspace: 2837K->2837K(1056768K)], 4.8010324 secs] [Times: user=38.32 sys=0.00, real=4.81 secs] 
2020-08-11T17:39:04.806+0000: 426.636: [GC (Allocation Failure) [PSYoungGen: 232960K->232960K(465920K)] 806165K->806357K(1864192K), 1.3576477 secs] [Times: user=10.85 sys=0.00, real=1.36 secs] 
2020-08-11T17:39:07.746+0000: 429.577: [GC (Allocation Failure) [PSYoungGen: 465920K->232960K(465920K)] 1039317K->1040109K(1864192K), 2.0056768 secs] [Times: user=16.01 sys=0.00, real=2.00 secs] 
2020-08-11T17:39:11.047+0000: 432.878: [GC (Allocation Failure) [PSYoungGen: 465920K->232960K(465920K)] 1273069K->1273853K(1864192K), 2.6659623 secs] [Times: user=21.30 sys=0.00, real=2.66 secs] 
2020-08-11T17:39:13.714+0000: 435.544: [Full GC (Ergonomics) [PSYoungGen: 232960K->0K(465920K)] [ParOldGen: 1040893K->946239K(1398272K)] 1273853K->946239K(1864192K), [Metaspace: 2837K->2837K(1056768K)], 8.3009501 secs] [Times: user=66.32 sys=0.00, real=8.30 secs] 
2020-08-11T17:39:25.770+0000: 447.600: [GC (Allocation Failure) [PSYoungGen: 232960K->232960K(465920K)] 1179199K->1179399K(1864192K), 1.3459042 secs] [Times: user=10.75 sys=0.00, real=1.35 secs] 
2020-08-11T17:39:29.056+0000: 450.886: [GC (Allocation Failure) [PSYoungGen: 465920K->232960K(465920K)] 1412359K->1300959K(1864192K), 2.1765671 secs] [Times: user=17.39 sys=0.00, real=2.17 secs] 
2020-08-11T17:39:31.233+0000: 453.063: [Full GC (Ergonomics) [PSYoungGen: 232960K->0K(465920K)] [ParOldGen: 1067999K->354630K(1288704K)] 1300959K->354630K(1754624K), [Metaspace: 2837K->2837K(1056768K)], 3.1688136 secs] [Times: user=25.25 sys=0.00, real=3.17 secs] 
2020-08-11T17:39:37.280+0000: 459.110: [GC (Allocation Failure) [PSYoungGen: 232960K->64K(465920K)] 587590K->354694K(1754624K), 0.0016037 secs] [Times: user=0.00 sys=0.01, real=0.00 secs] 
2020-08-11T17:39:38.743+0000: 460.573: [GC (Allocation Failure) [PSYoungGen: 233024K->4800K(465920K)] 587654K->359430K(1754624K), 0.0278387 secs] [Times: user=0.21 sys=0.00, real=0.03 secs] 
2020-08-11T17:39:40.158+0000: 461.989: [GC (Allocation Failure) [PSYoungGen: 237760K->16128K(465920K)] 592390K->370758K(1754624K), 0.0941373 secs] [Times: user=0.74 sys=0.00, real=0.09 secs] 
2020-08-11T17:39:41.729+0000: 463.559: [GC (Allocation Failure) [PSYoungGen: 249088K->288K(465920K)] 603718K->354918K(1754624K), 0.0016473 secs] [Times: user=0.01 sys=0.00, real=0.00 secs] 
2020-08-11T17:39:43.109+0000: 464.940: [GC (Allocation Failure) [PSYoungGen: 233248K->91456K(465920K)] 587878K->446086K(1754624K), 0.5334719 secs] [Times: user=4.25 sys=0.00, real=0.53 secs] 
2020-08-11T17:39:45.326+0000: 467.157: [GC (Allocation Failure) [PSYoungGen: 324416K->67744K(465920K)] 679046K->422374K(1754624K), 0.3942984 secs] [Times: user=3.14 sys=0.00, real=0.39 secs] 
2020-08-11T17:39:47.660+0000: 469.490: [GC (Allocation Failure) [PSYoungGen: 300704K->64K(465920K)] 655334K->354694K(1754624K), 0.0015108 secs] [Times: user=0.00 sys=0.01, real=0.00 secs] 
2020-08-11T17:39:48.960+0000: 470.790: [GC (Allocation Failure) [PSYoungGen: 233024K->104352K(465920K)] 587654K->458982K(1754624K), 0.6069992 secs] [Times: user=4.83 sys=0.00, real=0.61 secs] 
2020-08-11T17:39:50.835+0000: 472.666: [GC (Allocation Failure) [PSYoungGen: 337312K->232704K(465920K)] 691942K->587334K(1754624K), 1.3474510 secs] [Times: user=10.76 sys=0.00, real=1.34 secs] 
2020-08-11T17:39:53.520+0000: 475.350: [GC (Allocation Failure) [PSYoungGen: 465664K->232960K(465920K)] 820294K->675238K(1754624K), 1.9869565 secs] [Times: user=15.88 sys=0.00, real=1.99 secs] 
2020-08-11T17:39:58.038+0000: 479.868: [GC (Allocation Failure) [PSYoungGen: 465920K->54912K(465920K)] 908198K->497190K(1754624K), 0.3210495 secs] [Times: user=2.55 sys=0.00, real=0.32 secs] 
2020-08-11T17:39:59.961+0000: 481.791: [GC (Allocation Failure) [PSYoungGen: 287872K->32K(465920K)] 730150K->442310K(1754624K), 0.0016455 secs] [Times: user=0.01 sys=0.00, real=0.00 secs] 
2020-08-11T17:40:01.794+0000: 483.624: [GC (Allocation Failure) [PSYoungGen: 232992K->64K(465920K)] 675270K->442342K(1754624K), 0.0014980 secs] [Times: user=0.00 sys=0.00, real=0.00 secs] 
2020-08-11T17:40:03.331+0000: 485.161: [GC (Allocation Failure) [PSYoungGen: 233024K->352K(465920K)] 675302K->442630K(1754624K), 0.0017953 secs] [Times: user=0.01 sys=0.00, real=0.00 secs] 
2020-08-11T17:40:04.717+0000: 486.547: [GC (Allocation Failure) [PSYoungGen: 233312K->64K(465920K)] 675590K->442342K(1754624K), 0.0096475 secs] [Times: user=0.06 sys=0.00, real=0.01 secs] 
2020-08-11T17:40:06.227+0000: 488.058: [GC (Allocation Failure) [PSYoungGen: 233024K->31296K(465920K)] 675302K->473574K(1754624K), 0.1820222 secs] [Times: user=1.44 sys=0.00, real=0.18 secs] 
2020-08-11T17:40:07.753+0000: 489.583: [GC (Allocation Failure) [PSYoungGen: 264256K->112992K(465920K)] 706534K->555270K(1754624K), 0.6525511 secs] [Times: user=5.21 sys=0.00, real=0.66 secs] 
2020-08-11T17:40:09.939+0000: 491.770: [GC (Allocation Failure) [PSYoungGen: 345952K->231776K(465920K)] 788230K->674054K(1754624K), 1.3444100 secs] [Times: user=10.73 sys=0.00, real=1.34 secs] 
2020-08-11T17:40:12.866+0000: 494.697: [GC (Allocation Failure) [PSYoungGen: 464736K->203040K(465920K)] 907014K->645318K(1754624K), 1.1918526 secs] [Times: user=9.52 sys=0.01, real=1.19 secs] 
2020-08-11T17:40:15.511+0000: 497.341: [GC (Allocation Failure) [PSYoungGen: 436000K->232960K(465920K)] 878278K->712870K(1754624K), 1.6293943 secs] [Times: user=13.02 sys=0.00, real=1.63 secs] 
2020-08-11T17:40:19.609+0000: 501.439: [GC (Allocation Failure) [PSYoungGen: 465920K->26624K(465920K)] 945830K->506534K(1754624K), 0.1536716 secs] [Times: user=1.22 sys=0.00, real=0.15 secs] 
2020-08-11T17:40:21.121+0000: 502.951: [GC (Allocation Failure) [PSYoungGen: 259584K->133632K(465920K)] 739494K->613542K(1754624K), 0.7719587 secs] [Times: user=6.16 sys=0.00, real=0.77 secs] 
2020-08-11T17:40:23.765+0000: 505.595: [GC (Allocation Failure) [PSYoungGen: 366592K->32K(465920K)] 846502K->479942K(1754624K), 0.0019262 secs] [Times: user=0.00 sys=0.00, real=0.01 secs] 
2020-08-11T17:40:25.103+0000: 506.934: [GC (Allocation Failure) [PSYoungGen: 232992K->146880K(465920K)] 712902K->626790K(1754624K), 0.8547961 secs] [Times: user=6.82 sys=0.01, real=0.86 secs] 
2020-08-11T17:40:27.657+0000: 509.487: [GC (Allocation Failure) [PSYoungGen: 379840K->169728K(465920K)] 859750K->649638K(1754624K), 0.9865365 secs] [Times: user=7.88 sys=0.00, real=0.98 secs] 
2020-08-11T17:40:31.051+0000: 512.881: [GC (Allocation Failure) [PSYoungGen: 402688K->8256K(465920K)] 882598K->488166K(1754624K), 0.0464038 secs] [Times: user=0.36 sys=0.00, real=0.05 secs] 
Heap
 PSYoungGen      total 465920K, used 185307K [0x00000000d5580000, 0x0000000100000000, 0x0000000100000000)
  eden space 232960K, 76% used [0x00000000d5580000,0x00000000e0266df8,0x00000000e3900000)
  from space 232960K, 3% used [0x00000000f1c80000,0x00000000f2490000,0x0000000100000000)
  to   space 232960K, 0% used [0x00000000e3900000,0x00000000e3900000,0x00000000f1c80000)
 ParOldGen       total 1288704K, used 479910K [0x0000000080000000, 0x00000000cea80000, 0x00000000d5580000)
  object space 1288704K, 37% used [0x0000000080000000,0x000000009d4a9930,0x00000000cea80000)
 Metaspace       used 2844K, capacity 4496K, committed 4864K, reserved 1056768K
  class space    used 293K, capacity 388K, committed 512K, reserved 1048576K
